Building Windows application...                                 
flutter : lib/features/dashbo
ard/presentation/screens/dash
board_screen.dart(6,8): 
error GFAA2A68C: Error when 
reading 'lib/features/dashboa
rd/presentation/widgets/proxi
mos_vencimientos_widget.dart'
: El sistema no puede 
encontrar el archivo 
especificado. [C:\Users\Rober
to\Desktop\sistema prestamos\
prestamos_app\build\windows\x
64\flutter\flutter_assemble.v
cxproj]
En línea: 1 Carácter: 1
+ flutter build windows > 
build_errors.txt 2>&1
+ ~~~~~~~~~~~~~~~~~~~~~~~~~~~
~~~~~~~~~~~~~~~~~~
    + CategoryInfo           
   : NotSpecified: (lib/fea  
  tures/da...semble.vcxpro   
 j]:String) [], RemoteExc    
eption
    + FullyQualifiedErrorId  
   : NativeCommandError
 
lib/features/prestamos/presen
tation/screens/prestamos_list
_screen.dart(7,8): error 
GFAA2A68C: Error when 
reading 'lib/presentation/wid
gets/state_widgets.dart': El 
sistema no puede encontrar 
la ruta especificada. [C:\Use
rs\Roberto\Desktop\sistema pr
estamos\prestamos_app\build\w
indows\x64\flutter\flutter_as
semble.vcxproj]
lib/features/prestamos/presen
tation/screens/prestamo_detai
l_screen.dart(9,8): error 
GFAA2A68C: Error when 
reading 'lib/presentation/wid
gets/state_widgets.dart': El 
sistema no puede encontrar 
la ruta especificada. [C:\Use
rs\Roberto\Desktop\sistema pr
estamos\prestamos_app\build\w
indows\x64\flutter\flutter_as
semble.vcxproj]
lib/features/prestamos/presen
tation/screens/prestamo_form_
screen.dart(9,8): error 
GFAA2A68C: Error when 
reading 'lib/features/cajas/p
resentation/providers/caja_pr
ovider.dart': El sistema no 
puede encontrar la ruta 
especificada. [C:\Users\Rober
to\Desktop\sistema prestamos\
prestamos_app\build\windows\x
64\flutter\flutter_assemble.v
cxproj]
lib/features/prestamos/presen
tation/screens/prestamo_form_
screen.dart(10,8): error 
GFAA2A68C: Error when 
reading 'lib/features/cajas/d
omain/entities/caja.dart': 
El sistema no puede 
encontrar la ruta 
especificada. [C:\Users\Rober
to\Desktop\sistema prestamos\
prestamos_app\build\windows\x
64\flutter\flutter_assemble.v
cxproj]
lib/features/prestamos/presen
tation/screens/prestamo_form_
screen.dart(13,8): error 
GFAA2A68C: Error when 
reading 'lib/presentation/wid
gets/custom_text_field.dart':
 El sistema no puede 
encontrar la ruta 
especificada. [C:\Users\Rober
to\Desktop\sistema prestamos\
prestamos_app\build\windows\x
64\flutter\flutter_assemble.v
cxproj]
lib/features/caja/presentatio
n/screens/caja_form_screen.da
rt(6,8): error GFAA2A68C: 
Error when reading 'lib/prese
ntation/widgets/custom_text_f
ield.dart': El sistema no 
puede encontrar la ruta 
especificada. [C:\Users\Rober
to\Desktop\sistema prestamos\
prestamos_app\build\windows\x
64\flutter\flutter_assemble.v
cxproj]
lib/features/caja/presentatio
n/screens/registrar_ingreso_s
creen.dart(7,8): error 
GFAA2A68C: Error when 
reading 'lib/presentation/wid
gets/custom_text_field.dart':
 El sistema no puede 
encontrar la ruta 
especificada. [C:\Users\Rober
to\Desktop\sistema prestamos\
prestamos_app\build\windows\x
64\flutter\flutter_assemble.v
cxproj]
lib/features/prestamos/presen
tation/screens/prestamo_form_
screen.dart(14,8): error 
GFAA2A68C: Error when 
reading 'lib/presentation/wid
gets/custom_button.dart': El 
sistema no puede encontrar 
la ruta especificada. [C:\Use
rs\Roberto\Desktop\sistema pr
estamos\prestamos_app\build\w
indows\x64\flutter\flutter_as
semble.vcxproj]
lib/features/caja/presentatio
n/screens/caja_form_screen.da
rt(7,8): error GFAA2A68C: 
Error when reading 'lib/prese
ntation/widgets/custom_button
.dart': El sistema no puede 
encontrar la ruta 
especificada. [C:\Users\Rober
to\Desktop\sistema prestamos\
prestamos_app\build\windows\x
64\flutter\flutter_assemble.v
cxproj]
lib/features/caja/presentatio
n/screens/registrar_ingreso_s
creen.dart(8,8): error 
GFAA2A68C: Error when 
reading 'lib/presentation/wid
gets/custom_button.dart': El 
sistema no puede encontrar 
la ruta especificada. [C:\Use
rs\Roberto\Desktop\sistema pr
estamos\prestamos_app\build\w
indows\x64\flutter\flutter_as
semble.vcxproj]
lib/features/prestamos/presen
tation/screens/prestamo_detai
l_screen.dart(5,8): error 
GFAA2A68C: Error when 
reading 'lib/features/prestam
os/domain/usecases/cuota_usec
ases.dart': El sistema no 
puede encontrar el archivo 
especificado. [C:\Users\Rober
to\Desktop\sistema prestamos\
prestamos_app\build\windows\x
64\flutter\flutter_assemble.v
cxproj]
lib/features/prestamos/presen
tation/providers/prestamo_pro
vider.dart(8,8): error 
GFAA2A68C: Error when 
reading 'lib/features/prestam
os/domain/usecases/cuota_usec
ases.dart': El sistema no 
puede encontrar el archivo 
especificado. [C:\Users\Rober
to\Desktop\sistema prestamos\
prestamos_app\build\windows\x
64\flutter\flutter_assemble.v
cxproj]
lib/shared/widgets/custom_but
ton.dart(1,1): error 
G85CCD27E: Expected a 
declaration, but got '`'. [C:
\Users\Roberto\Desktop\sistem
a prestamos\prestamos_app\bui
ld\windows\x64\flutter\flutte
r_assemble.vcxproj]
lib/shared/widgets/custom_but
ton.dart(1,2): error 
G85CCD27E: Expected a 
declaration, but got '`'. [C:
\Users\Roberto\Desktop\sistem
a prestamos\prestamos_app\bui
ld\windows\x64\flutter\flutte
r_assemble.vcxproj]
lib/shared/widgets/custom_but
ton.dart(1,3): error 
G85CCD27E: Expected a 
declaration, but got '`'. [C:
\Users\Roberto\Desktop\sistem
a prestamos\prestamos_app\bui
ld\windows\x64\flutter\flutte
r_assemble.vcxproj]
lib/features/prestamos/presen
tation/providers/prestamo_pro
vider.dart(2,8): error 
GFAA2A68C: Error when 
reading 'lib/data/database/da
tabase.dart': El sistema no 
puede encontrar la ruta 
especificada. [C:\Users\Rober
to\Desktop\sistema prestamos\
prestamos_app\build\windows\x
64\flutter\flutter_assemble.v
cxproj]
lib/features/prestamos/presen
tation/providers/prestamo_pro
vider.dart(7,8): error 
GFAA2A68C: Error when 
reading 'lib/features/prestam
os/domain/usecases/prestamo_u
secases.dart': El sistema no 
puede encontrar el archivo 
especificado. [C:\Users\Rober
to\Desktop\sistema prestamos\
prestamos_app\build\windows\x
64\flutter\flutter_assemble.v
cxproj]
lib/features/pagos/presentati
on/providers/pago_provider.da
rt(5,8): error GFAA2A68C: 
Error when reading 'lib/featu
res/pagos/data/repositories/p
ago_repository_impl.dart': 
El sistema no puede 
encontrar el archivo 
especificado. [C:\Users\Rober
to\Desktop\sistema prestamos\
prestamos_app\build\windows\x
64\flutter\flutter_assemble.v
cxproj]
lib/features/caja/data/models
/caja_model.dart(23,21): 
error G297C951C: Can't find 
')' to match '('. [C:\Users\R
oberto\Desktop\sistema presta
mos\prestamos_app\build\windo
ws\x64\flutter\flutter_assemb
le.vcxproj]
lib/features/caja/data/models
/caja_model.dart(7,30): 
error G297C951C: Can't find 
'}' to match '{'. [C:\Users\R
oberto\Desktop\sistema presta
mos\prestamos_app\build\windo
ws\x64\flutter\flutter_assemb
le.vcxproj]
lib/features/caja/data/models
/caja_model.dart(107,1): 
error G993C9AC0: Classes 
can't be declared inside 
other classes. [C:\Users\Robe
rto\Desktop\sistema prestamos
\prestamos_app\build\windows\
x64\flutter\flutter_assemble.
vcxproj]
lib/features/caja/data/models
/caja_model.dart(107,23): 
error G6814800A: Expected a 
class member, but got 
'extends'. [C:\Users\Roberto\
Desktop\sistema prestamos\pre
stamos_app\build\windows\x64\
flutter\flutter_assemble.vcxp
roj]
lib/features/caja/data/models
/caja_model.dart(107,31): 
error G020FDE51: A method 
declaration needs an 
explicit list of parameters. 
[C:\Users\Roberto\Desktop\sis
tema prestamos\prestamos_app\
build\windows\x64\flutter\flu
tter_assemble.vcxproj]
lib/features/prestamos/presen
tation/screens/prestamo_form_
screen.dart(439,45): error 
G5FE39F1E: Type 'Caja' not 
found. [C:\Users\Roberto\Desk
top\sistema prestamos\prestam
os_app\build\windows\x64\flut
ter\flutter_assemble.vcxproj]
lib/features/caja/presentatio
n/screens/caja_detail_screen.
dart(241,50): error 
G5FE39F1E: Type 
'ResumenCaja' not found. [C:\
Users\Roberto\Desktop\sistema
 prestamos\prestamos_app\buil
d\windows\x64\flutter\flutter
_assemble.vcxproj]
lib/features/prestamos/presen
tation/providers/prestamo_pro
vider.dart(112,9): error 
G5FE39F1E: Type 
'GetPrestamos' not found. [C:
\Users\Roberto\Desktop\sistem
a prestamos\prestamos_app\bui
ld\windows\x64\flutter\flutte
r_assemble.vcxproj]
lib/features/prestamos/presen
tation/providers/prestamo_pro
vider.dart(113,9): error 
G5FE39F1E: Type 
'SearchPrestamos' not found. 
[C:\Users\Roberto\Desktop\sis
tema prestamos\prestamos_app\
build\windows\x64\flutter\flu
tter_assemble.vcxproj]
lib/features/caja/data/dataso
urces/caja_local_data_source.
dart(91,10): error 
G5FE39F1E: Type 
'MovimientoModel' not found. 
[C:\Users\Roberto\Desktop\sis
tema prestamos\prestamos_app\
build\windows\x64\flutter\flu
tter_assemble.vcxproj]
lib/features/caja/data/dataso
urces/caja_local_data_source.
dart(142,10): error 
G5FE39F1E: Type 
'MovimientoModel' not found. 
[C:\Users\Roberto\Desktop\sis
tema prestamos\prestamos_app\
build\windows\x64\flutter\flu
tter_assemble.vcxproj]
lib/features/caja/data/dataso
urces/caja_local_data_source.
dart(199,15): error 
G5FE39F1E: Type 
'MovimientoModel' not found. 
[C:\Users\Roberto\Desktop\sis
tema prestamos\prestamos_app\
build\windows\x64\flutter\flu
tter_assemble.vcxproj]
lib/features/caja/data/dataso
urces/caja_local_data_source.
dart(291,15): error 
G5FE39F1E: Type 
'MovimientoModel' not found. 
[C:\Users\Roberto\Desktop\sis
tema prestamos\prestamos_app\
build\windows\x64\flutter\flu
tter_assemble.vcxproj]
lib/features/caja/data/dataso
urces/caja_local_data_source.
dart(299,15): error 
G5FE39F1E: Type 
'MovimientoModel' not found. 
[C:\Users\Roberto\Desktop\sis
tema prestamos\prestamos_app\
build\windows\x64\flutter\flu
tter_assemble.vcxproj]
lib/features/caja/data/dataso
urces/caja_local_data_source.
dart(308,15): error 
G5FE39F1E: Type 
'MovimientoModel' not found. 
[C:\Users\Roberto\Desktop\sis
tema prestamos\prestamos_app\
build\windows\x64\flutter\flu
tter_assemble.vcxproj]
lib/features/caja/data/reposi
tories/caja_repository_impl.d
art(99,26): error G5FE39F1E: 
Type 'Movimiento' not found. 
[C:\Users\Roberto\Desktop\sis
tema prestamos\prestamos_app\
build\windows\x64\flutter\flu
tter_assemble.vcxproj]
lib/features/caja/data/reposi
tories/caja_repository_impl.d
art(123,26): error 
G5FE39F1E: Type 'Movimiento' 
not found. [C:\Users\Roberto\
Desktop\sistema prestamos\pre
stamos_app\build\windows\x64\
flutter\flutter_assemble.vcxp
roj]
lib/features/caja/data/reposi
tories/caja_repository_impl.d
art(147,31): error 
G5FE39F1E: Type 'Movimiento' 
not found. [C:\Users\Roberto\
Desktop\sistema prestamos\pre
stamos_app\build\windows\x64\
flutter\flutter_assemble.vcxp
roj]
lib/features/caja/data/reposi
tories/caja_repository_impl.d
art(171,31): error 
G5FE39F1E: Type 'Movimiento' 
not found. [C:\Users\Roberto\
Desktop\sistema prestamos\pre
stamos_app\build\windows\x64\
flutter\flutter_assemble.vcxp
roj]
lib/features/caja/data/reposi
tories/caja_repository_impl.d
art(181,31): error 
G5FE39F1E: Type 'Movimiento' 
not found. [C:\Users\Roberto\
Desktop\sistema prestamos\pre
stamos_app\build\windows\x64\
flutter\flutter_assemble.vcxp
roj]
lib/features/caja/data/reposi
tories/caja_repository_impl.d
art(191,31): error 
G5FE39F1E: Type 'Movimiento' 
not found. [C:\Users\Roberto\
Desktop\sistema prestamos\pre
stamos_app\build\windows\x64\
flutter\flutter_assemble.vcxp
roj]
lib/features/caja/data/reposi
tories/caja_repository_impl.d
art(219,26): error 
G5FE39F1E: Type 
'ResumenCaja' not found. [C:\
Users\Roberto\Desktop\sistema
 prestamos\prestamos_app\buil
d\windows\x64\flutter\flutter
_assemble.vcxproj]
lib/features/clientes/present
ation/providers/cliente_provi
der.dart(9,1): error 
G3A1EFBDC: 'Cliente' is 
imported from both 'package:s
istema_prestamos/core/databas
e/database.dart' and 'package
:sistema_prestamos/features/c
lientes/domain/entities/clien
te.dart'. [C:\Users\Roberto\D
esktop\sistema prestamos\pres
tamos_app\build\windows\x64\f
lutter\flutter_assemble.vcxpr
oj]
lib/features/caja/data/models
/caja_model.dart(3,1): error 
G0027FE65: 'Caja' is 
imported from both 'package:s
istema_prestamos/core/databas
e/database.dart' and 'package
:sistema_prestamos/features/c
aja/domain/entities/caja.dart
'. [C:\Users\Roberto\Desktop\
sistema prestamos\prestamos_a
pp\build\windows\x64\flutter\
flutter_assemble.vcxproj]
lib/features/prestamos/presen
tation/providers/prestamo_pro
vider.dart(17,35): error 
G91B65C14: 'AppDatabase' 
isn't a type. [C:\Users\Rober
to\Desktop\sistema prestamos\
prestamos_app\build\windows\x
64\flutter\flutter_assemble.v
cxproj]
lib/features/prestamos/presen
tation/providers/prestamo_pro
vider.dart(18,10): error 
G311314CC: Method not found: 
'AppDatabase'. [C:\Users\Robe
rto\Desktop\sistema prestamos
\prestamos_app\build\windows\
x64\flutter\flutter_assemble.
vcxproj]
lib/features/prestamos/presen
tation/providers/prestamo_pro
vider.dart(48,39): error 
GBA45BA74: 'GetPrestamos' 
isn't a type. [C:\Users\Rober
to\Desktop\sistema prestamos\
prestamos_app\build\windows\x
64\flutter\flutter_assemble.v
cxproj]
lib/features/prestamos/presen
tation/providers/prestamo_pro
vider.dart(50,10): error 
G311314CC: Method not found: 
'GetPrestamos'. [C:\Users\Rob
erto\Desktop\sistema prestamo
s\prestamos_app\build\windows
\x64\flutter\flutter_assemble
.vcxproj]
lib/features/prestamos/presen
tation/providers/prestamo_pro
vider.dart(53,42): error 
GDE229C27: 'GetPrestamoById' 
isn't a type. [C:\Users\Rober
to\Desktop\sistema prestamos\
prestamos_app\build\windows\x
64\flutter\flutter_assemble.v
cxproj]
lib/features/prestamos/presen
tation/providers/prestamo_pro
vider.dart(55,10): error 
G311314CC: Method not found: 
'GetPrestamoById'. [C:\Users\
Roberto\Desktop\sistema prest
amos\prestamos_app\build\wind
ows\x64\flutter\flutter_assem
ble.vcxproj]
lib/features/prestamos/presen
tation/providers/prestamo_pro
vider.dart(58,48): error 
G66D78FC1: 
'GetPrestamosByCliente' 
isn't a type. [C:\Users\Rober
to\Desktop\sistema prestamos\
prestamos_app\build\windows\x
64\flutter\flutter_assemble.v
cxproj]
lib/features/prestamos/presen
tation/providers/prestamo_pro
vider.dart(60,10): error 
G311314CC: Method not found: 
'GetPrestamosByCliente'. [C:\
Users\Roberto\Desktop\sistema
 prestamos\prestamos_app\buil
d\windows\x64\flutter\flutter
_assemble.vcxproj]
lib/features/prestamos/presen
tation/providers/prestamo_pro
vider.dart(63,42): error 
G2DDAA6B4: 'SearchPrestamos' 
isn't a type. [C:\Users\Rober
to\Desktop\sistema prestamos\
prestamos_app\build\windows\x
64\flutter\flutter_assemble.v
cxproj]
lib/features/prestamos/presen
tation/providers/prestamo_pro
vider.dart(65,10): error 
G311314CC: Method not found: 
'SearchPrestamos'. [C:\Users\
Roberto\Desktop\sistema prest
amos\prestamos_app\build\wind
ows\x64\flutter\flutter_assem
ble.vcxproj]
lib/features/prestamos/presen
tation/providers/prestamo_pro
vider.dart(68,41): error 
G5F4FB6C7: 'CreatePrestamo' 
isn't a type. [C:\Users\Rober
to\Desktop\sistema prestamos\
prestamos_app\build\windows\x
64\flutter\flutter_assemble.v
cxproj]
lib/features/prestamos/presen
tation/providers/prestamo_pro
vider.dart(71,10): error 
G311314CC: Method not found: 
'CreatePrestamo'. [C:\Users\R
oberto\Desktop\sistema presta
mos\prestamos_app\build\windo
ws\x64\flutter\flutter_assemb
le.vcxproj]
lib/features/prestamos/presen
tation/providers/prestamo_pro
vider.dart(74,41): error 
G30DF1C22: 'UpdatePrestamo' 
isn't a type. [C:\Users\Rober
to\Desktop\sistema prestamos\
prestamos_app\build\windows\x
64\flutter\flutter_assemble.v
cxproj]
lib/features/prestamos/presen
tation/providers/prestamo_pro
vider.dart(76,10): error 
G311314CC: Method not found: 
'UpdatePrestamo'. [C:\Users\R
oberto\Desktop\sistema presta
mos\prestamos_app\build\windo
ws\x64\flutter\flutter_assemb
le.vcxproj]
lib/features/prestamos/presen
tation/providers/prestamo_pro
vider.dart(79,41): error 
GF8B69100: 'DeletePrestamo' 
isn't a type. [C:\Users\Rober
to\Desktop\sistema prestamos\
prestamos_app\build\windows\x
64\flutter\flutter_assemble.v
cxproj]
lib/features/prestamos/presen
tation/providers/prestamo_pro
vider.dart(81,10): error 
G311314CC: Method not found: 
'DeletePrestamo'. [C:\Users\R
oberto\Desktop\sistema presta
mos\prestamos_app\build\windo
ws\x64\flutter\flutter_assemb
le.vcxproj]
lib/features/prestamos/presen
tation/providers/prestamo_pro
vider.dart(84,43): error 
GFA29016E: 
'CancelarPrestamo' isn't a 
type. [C:\Users\Roberto\Deskt
op\sistema prestamos\prestamo
s_app\build\windows\x64\flutt
er\flutter_assemble.vcxproj]
lib/features/prestamos/presen
tation/providers/prestamo_pro
vider.dart(86,10): error 
G311314CC: Method not found: 
'CancelarPrestamo'. [C:\Users
\Roberto\Desktop\sistema pres
tamos\prestamos_app\build\win
dows\x64\flutter\flutter_asse
mble.vcxproj]
lib/features/prestamos/presen
tation/providers/prestamo_pro
vider.dart(90,46): error 
G418FFA01: 
'GetCuotasByPrestamo' isn't 
a type. [C:\Users\Roberto\Des
ktop\sistema prestamos\presta
mos_app\build\windows\x64\flu
tter\flutter_assemble.vcxproj
]
lib/features/prestamos/presen
tation/providers/prestamo_pro
vider.dart(92,10): error 
G311314CC: Method not found: 
'GetCuotasByPrestamo'. [C:\Us
ers\Roberto\Desktop\sistema p
restamos\prestamos_app\build\
windows\x64\flutter\flutter_a
ssemble.vcxproj]
lib/features/prestamos/presen
tation/providers/prestamo_pro
vider.dart(95,43): error 
G9316637E: 
'GetResumenCuotas' isn't a 
type. [C:\Users\Roberto\Deskt
op\sistema prestamos\prestamo
s_app\build\windows\x64\flutt
er\flutter_assemble.vcxproj]
lib/features/prestamos/presen
tation/providers/prestamo_pro
vider.dart(97,10): error 
G311314CC: Method not found: 
'GetResumenCuotas'. [C:\Users
\Roberto\Desktop\sistema pres
tamos\prestamos_app\build\win
dows\x64\flutter\flutter_asse
mble.vcxproj]
lib/features/prestamos/presen
tation/providers/prestamo_pro
vider.dart(169,53): error 
G47374CC6: 'ResumenCuotas' 
isn't a type. [C:\Users\Rober
to\Desktop\sistema prestamos\
prestamos_app\build\windows\x
64\flutter\flutter_assemble.v
cxproj]
lib/features/caja/presentatio
n/providers/caja_provider.dar
t(7,1): error G0027FE65: 
'Caja' is imported from both 
'package:sistema_prestamos/co
re/database/database.dart' 
and 'package:sistema_prestamo
s/features/caja/domain/entiti
es/caja.dart'. [C:\Users\Robe
rto\Desktop\sistema prestamos
\prestamos_app\build\windows\
x64\flutter\flutter_assemble.
vcxproj]
lib/features/caja/presentatio
n/providers/caja_provider.dar
t(7,1): error GE99433F9: 
'Movimiento' is imported 
from both 'package:sistema_pr
estamos/core/database/databas
e.dart' and 'package:sistema_
prestamos/features/caja/domai
n/entities/movimiento.dart'. 
[C:\Users\Roberto\Desktop\sis
tema prestamos\prestamos_app\
build\windows\x64\flutter\flu
tter_assemble.vcxproj]
lib/features/caja/presentatio
n/providers/caja_provider.dar
t(137,51): error G85045724: 
'ResumenCaja' isn't a type. [
C:\Users\Roberto\Desktop\sist
ema prestamos\prestamos_app\b
uild\windows\x64\flutter\flut
ter_assemble.vcxproj]
lib/features/pagos/presentati
on/providers/pago_provider.da
rt(18,41): error G0F15F177: 
'PagoRepositoryImpl' isn't a 
type. [C:\Users\Roberto\Deskt
op\sistema prestamos\prestamo
s_app\build\windows\x64\flutt
er\flutter_assemble.vcxproj]
lib/features/pagos/presentati
on/providers/pago_provider.da
rt(20,10): error G311314CC: 
Method not found: 
'PagoRepositoryImpl'. [C:\Use
rs\Roberto\Desktop\sistema pr
estamos\prestamos_app\build\w
indows\x64\flutter\flutter_as
semble.vcxproj]
lib/features/pagos/presentati
on/providers/pago_provider.da
rt(6,1): error G303B44E9: 
'Pago' is imported from both 
'package:sistema_prestamos/co
re/database/database.dart' 
and 'package:sistema_prestamo
s/features/pagos/domain/entit
ies/pago.dart'. [C:\Users\Rob
erto\Desktop\sistema prestamo
s\prestamos_app\build\windows
\x64\flutter\flutter_assemble
.vcxproj]
lib/config/router/app_router.
dart(140,43): error 
G036AE10F: Required named 
parameter 'prestamocodigo' 
must be provided. [C:\Users\R
oberto\Desktop\sistema presta
mos\prestamos_app\build\windo
ws\x64\flutter\flutter_assemb
le.vcxproj]
lib/features/dashboard/presen
tation/screens/dashboard_scre
en.dart(93,41): error 
GE5CFE876: The method 
'ProximosVencimientosWidget' 
isn't defined for the type 
'DashboardScreen'. [C:\Users\
Roberto\Desktop\sistema prest
amos\prestamos_app\build\wind
ows\x64\flutter\flutter_assem
ble.vcxproj]
lib/features/prestamos/presen
tation/screens/prestamos_list
_screen.dart(124,36): error 
G4020727C: Not a constant 
expression. [C:\Users\Roberto
\Desktop\sistema prestamos\pr
estamos_app\build\windows\x64
\flutter\flutter_assemble.vcx
proj]
lib/features/prestamos/presen
tation/screens/prestamos_list
_screen.dart(92,26): error 
GE5CFE876: The method 
'EmptyState' isn't defined 
for the type 
'_PrestamosListScreenState'. 
[C:\Users\Roberto\Desktop\sis
tema prestamos\prestamos_app\
build\windows\x64\flutter\flu
tter_assemble.vcxproj]
lib/features/prestamos/presen
tation/screens/prestamos_list
_screen.dart(125,40): error 
GE5CFE876: The method 
'ErrorState' isn't defined 
for the type 
'_PrestamosListScreenState'. 
[C:\Users\Roberto\Desktop\sis
tema prestamos\prestamos_app\
build\windows\x64\flutter\flu
tter_assemble.vcxproj]
CUSTOMBUILD : error : 
(error, stack) => 
ErrorState( [C:\Users\Roberto
\Desktop\sistema prestamos\pr
estamos_app\build\windows\x64
\flutter\flutter_assemble.vcx
proj]
lib/features/prestamos/presen
tation/screens/prestamo_form_
screen.dart(100,61): error 
G3D07BBB7: Too few 
positional arguments: 1 
required, 0 given. [C:\Users\
Roberto\Desktop\sistema prest
amos\prestamos_app\build\wind
ows\x64\flutter\flutter_assem
ble.vcxproj]
lib/features/prestamos/presen
tation/screens/prestamo_form_
screen.dart(108,72): error 
GE5CFE876: The method 'call' 
isn't defined for the type 'P
rovider<GenerarTablaAmortizac
ion>'. [C:\Users\Roberto\Desk
top\sistema prestamos\prestam
os_app\build\windows\x64\flut
ter\flutter_assemble.vcxproj]
lib/features/prestamos/presen
tation/screens/prestamo_form_
screen.dart(118,30): error 
G44692867: A value of type 
'Object?' can't be assigned 
to a variable of type 
'Map<String, double>?'. [C:\U
sers\Roberto\Desktop\sistema 
prestamos\prestamos_app\build
\windows\x64\flutter\flutter_
assemble.vcxproj]
lib/features/prestamos/presen
tation/screens/prestamo_form_
screen.dart(119,24): error 
G44692867: A value of type 
'Object?' can't be assigned 
to a variable of type 
'List<Cuota>?'. [C:\Users\Rob
erto\Desktop\sistema prestamo
s\prestamos_app\build\windows
\x64\flutter\flutter_assemble
.vcxproj]
lib/features/prestamos/presen
tation/screens/prestamo_form_
screen.dart(280,40): error 
G3D07BBB7: Too few 
positional arguments: 1 
required, 0 given. [C:\Users\
Roberto\Desktop\sistema prest
amos\prestamos_app\build\wind
ows\x64\flutter\flutter_assem
ble.vcxproj]
lib/features/prestamos/presen
tation/screens/prestamo_form_
screen.dart(278,50): error 
G366B1FB5: Too few 
positional arguments: 2 
required, 1 given. [C:\Users\
Roberto\Desktop\sistema prest
amos\prestamos_app\build\wind
ows\x64\flutter\flutter_assem
ble.vcxproj]
lib/features/prestamos/presen
tation/screens/prestamo_form_
screen.dart(294,46): error 
G3D07BBB7: Too few 
positional arguments: 1 
required, 0 given. [C:\Users\
Roberto\Desktop\sistema prest
amos\prestamos_app\build\wind
ows\x64\flutter\flutter_assem
ble.vcxproj]
lib/features/prestamos/presen
tation/screens/prestamo_form_
screen.dart(292,50): error 
G366B1FB5: Too few 
positional arguments: 2 
required, 1 given. [C:\Users\
Roberto\Desktop\sistema prest
amos\prestamos_app\build\wind
ows\x64\flutter\flutter_assem
ble.vcxproj]
lib/features/prestamos/presen
tation/screens/prestamo_form_
screen.dart(308,34): error 
G75B77105: Member not found: 
'Validators.termMonths'. [C:\
Users\Roberto\Desktop\sistema
 prestamos\prestamos_app\buil
d\windows\x64\flutter\flutter
_assemble.vcxproj]
lib/features/prestamos/presen
tation/screens/prestamo_form_
screen.dart(306,50): error 
G366B1FB5: Too few 
positional arguments: 2 
required, 1 given. [C:\Users\
Roberto\Desktop\sistema prest
amos\prestamos_app\build\wind
ows\x64\flutter\flutter_assem
ble.vcxproj]
lib/features/prestamos/presen
tation/screens/prestamo_form_
screen.dart(238,34): error 
G4127D1E8: The getter 
'cajasActivasProvider' isn't 
defined for the type 
'_PrestamoFormScreenState'. [
C:\Users\Roberto\Desktop\sist
ema prestamos\prestamos_app\b
uild\windows\x64\flutter\flut
ter_assemble.vcxproj]
lib/features/prestamos/presen
tation/screens/prestamo_form_
screen.dart(254,41): error 
GC2F972A8: The argument type 
'ClientesState' can't be 
assigned to the parameter 
type 
'AsyncValue<ClientesState>'. 
[C:\Users\Roberto\Desktop\sis
tema prestamos\prestamos_app\
build\windows\x64\flutter\flu
tter_assemble.vcxproj]
lib/features/prestamos/presen
tation/screens/prestamo_form_
screen.dart(273,19): error 
GE5CFE876: The method 
'CustomTextField' isn't 
defined for the type 
'_PrestamoFormScreenState'. [
C:\Users\Roberto\Desktop\sist
ema prestamos\prestamos_app\b
uild\windows\x64\flutter\flut
ter_assemble.vcxproj]
lib/features/prestamos/presen
tation/screens/prestamo_form_
screen.dart(287,19): error 
GE5CFE876: The method 
'CustomTextField' isn't 
defined for the type 
'_PrestamoFormScreenState'. [
C:\Users\Roberto\Desktop\sist
ema prestamos\prestamos_app\b
uild\windows\x64\flutter\flut
ter_assemble.vcxproj]
lib/features/prestamos/presen
tation/screens/prestamo_form_
screen.dart(301,19): error 
GE5CFE876: The method 
'CustomTextField' isn't 
defined for the type 
'_PrestamoFormScreenState'. [
C:\Users\Roberto\Desktop\sist
ema prestamos\prestamos_app\b
uild\windows\x64\flutter\flut
ter_assemble.vcxproj]
lib/features/prestamos/presen
tation/screens/prestamo_form_
screen.dart(325,19): error 
GE5CFE876: The method 
'CustomTextField' isn't 
defined for the type 
'_PrestamoFormScreenState'. [
C:\Users\Roberto\Desktop\sist
ema prestamos\prestamos_app\b
uild\windows\x64\flutter\flut
ter_assemble.vcxproj]
lib/features/prestamos/presen
tation/screens/prestamo_form_
screen.dart(370,32): error 
GE5CFE876: The method 
'CustomButton' isn't defined 
for the type 
'_PrestamoFormScreenState'. [
C:\Users\Roberto\Desktop\sist
ema prestamos\prestamos_app\b
uild\windows\x64\flutter\flut
ter_assemble.vcxproj]
lib/features/prestamos/presen
tation/screens/prestamo_form_
screen.dart(372,33): error 
G4127D1E8: The getter 
'ButtonType' isn't defined 
for the type 
'_PrestamoFormScreenState'. [
C:\Users\Roberto\Desktop\sist
ema prestamos\prestamos_app\b
uild\windows\x64\flutter\flut
ter_assemble.vcxproj]
lib/features/prestamos/presen
tation/screens/prestamo_form_
screen.dart(379,32): error 
GE5CFE876: The method 
'CustomButton' isn't defined 
for the type 
'_PrestamoFormScreenState'. [
C:\Users\Roberto\Desktop\sist
ema prestamos\prestamos_app\b
uild\windows\x64\flutter\flut
ter_assemble.vcxproj]
lib/features/prestamos/presen
tation/screens/prestamo_form_
screen.dart(398,63): error 
G4127D1E8: The getter 
'activo' isn't defined for 
the type 'Object?'. [C:\Users
\Roberto\Desktop\sistema pres
tamos\prestamos_app\build\win
dows\x64\flutter\flutter_asse
mble.vcxproj]
lib/features/prestamos/presen
tation/screens/prestamo_form_
screen.dart(409,30): error 
G4127D1E8: The getter 'id' 
isn't defined for the type 
'Object?'. [C:\Users\Roberto\
Desktop\sistema prestamos\pre
stamos_app\build\windows\x64\
flutter\flutter_assemble.vcxp
roj]
lib/features/prestamos/presen
tation/screens/prestamo_form_
screen.dart(414,32): error 
G4127D1E8: The getter 
'nombreCompleto' isn't 
defined for the type 
'Object?'. [C:\Users\Roberto\
Desktop\sistema prestamos\pre
stamos_app\build\windows\x64\
flutter\flutter_assemble.vcxp
roj]
lib/features/prestamos/presen
tation/screens/prestamo_form_
screen.dart(416,36): error 
G4127D1E8: The getter 'ci' 
isn't defined for the type 
'Object?'. [C:\Users\Roberto\
Desktop\sistema prestamos\pre
stamos_app\build\windows\x64\
flutter\flutter_assemble.vcxp
roj]
lib/features/prestamos/presen
tation/screens/prestamo_form_
screen.dart(422,14): error 
GC2F972A8: The argument type 
'List<dynamic>' can't be 
assigned to the parameter 
type 'List<DropdownMenuItem<i
nt>>?'. [C:\Users\Roberto\Des
ktop\sistema prestamos\presta
mos_app\build\windows\x64\flu
tter\flutter_assemble.vcxproj
]
lib/features/prestamos/presen
tation/screens/prestamo_form_
screen.dart(439,45): error 
G0027FE65: 'Caja' isn't a 
type. [C:\Users\Roberto\Deskt
op\sistema prestamos\prestamo
s_app\build\windows\x64\flutt
er\flutter_assemble.vcxproj]
lib/features/prestamos/presen
tation/screens/prestamo_form_
screen.dart(451,27): error 
G4127D1E8: The getter 'id' 
isn't defined for the type 
'Object?'. [C:\Users\Roberto\
Desktop\sistema prestamos\pre
stamos_app\build\windows\x64\
flutter\flutter_assemble.vcxp
roj]
lib/features/prestamos/presen
tation/screens/prestamo_form_
screen.dart(456,29): error 
G4127D1E8: The getter 
'nombre' isn't defined for 
the type 'Object?'. [C:\Users
\Roberto\Desktop\sistema pres
tamos\prestamos_app\build\win
dows\x64\flutter\flutter_asse
mble.vcxproj]
lib/features/prestamos/presen
tation/screens/prestamo_form_
screen.dart(458,62): error 
G4127D1E8: The getter 
'saldo' isn't defined for 
the type 'Object?'. [C:\Users
\Roberto\Desktop\sistema pres
tamos\prestamos_app\build\win
dows\x64\flutter\flutter_asse
mble.vcxproj]
lib/features/prestamos/presen
tation/screens/prestamo_form_
screen.dart(460,39): error 
G4127D1E8: The getter 
'saldo' isn't defined for 
the type 'Object?'. [C:\Users
\Roberto\Desktop\sistema pres
tamos\prestamos_app\build\win
dows\x64\flutter\flutter_asse
mble.vcxproj]
lib/features/prestamos/presen
tation/screens/prestamo_form_
screen.dart(466,14): error 
GC2F972A8: The argument type 
'List<dynamic>' can't be 
assigned to the parameter 
type 'List<DropdownMenuItem<i
nt>>?'. [C:\Users\Roberto\Des
ktop\sistema prestamos\presta
mos_app\build\windows\x64\flu
tter\flutter_assemble.vcxproj
]
lib/features/prestamos/presen
tation/screens/prestamo_detai
l_screen.dart(155,30): error 
G4020727C: Not a constant 
expression. [C:\Users\Roberto
\Desktop\sistema prestamos\pr
estamos_app\build\windows\x64
\flutter\flutter_assemble.vcx
proj]
lib/features/prestamos/presen
tation/screens/prestamo_detai
l_screen.dart(156,34): error 
GE5CFE876: The method 
'ErrorState' isn't defined 
for the type 
'PrestamoDetailScreen'. [C:\U
sers\Roberto\Desktop\sistema 
prestamos\prestamos_app\build
\windows\x64\flutter\flutter_
assemble.vcxproj]
CUSTOMBUILD : error : 
(error, stack) => 
ErrorState( [C:\Users\Roberto
\Desktop\sistema prestamos\pr
estamos_app\build\windows\x64
\flutter\flutter_assemble.vcx
proj]
lib/features/caja/presentatio
n/screens/caja_form_screen.da
rt(216,56): error G366B1FB5: 
Too few positional 
arguments: 2 required, 1 
given. [C:\Users\Roberto\Desk
top\sistema prestamos\prestam
os_app\build\windows\x64\flut
ter\flutter_assemble.vcxproj]
lib/features/caja/presentatio
n/screens/caja_form_screen.da
rt(193,19): error GE5CFE876: 
The method 'CustomTextField' 
isn't defined for the type 
'_CajaFormScreenState'. [C:\U
sers\Roberto\Desktop\sistema 
prestamos\prestamos_app\build
\windows\x64\flutter\flutter_
assemble.vcxproj]
lib/features/caja/presentatio
n/screens/caja_form_screen.da
rt(211,25): error GE5CFE876: 
The method 'CustomTextField' 
isn't defined for the type 
'_CajaFormScreenState'. [C:\U
sers\Roberto\Desktop\sistema 
prestamos\prestamos_app\build
\windows\x64\flutter\flutter_
assemble.vcxproj]
lib/features/caja/presentatio
n/screens/caja_form_screen.da
rt(233,21): error GE5CFE876: 
The method 'CustomTextField' 
isn't defined for the type 
'_CajaFormScreenState'. [C:\U
sers\Roberto\Desktop\sistema 
prestamos\prestamos_app\build
\windows\x64\flutter\flutter_
assemble.vcxproj]
lib/features/caja/presentatio
n/screens/caja_form_screen.da
rt(244,21): error GE5CFE876: 
The method 'CustomTextField' 
isn't defined for the type 
'_CajaFormScreenState'. [C:\U
sers\Roberto\Desktop\sistema 
prestamos\prestamos_app\build
\windows\x64\flutter\flutter_
assemble.vcxproj]
lib/features/caja/presentatio
n/screens/caja_form_screen.da
rt(252,21): error GE5CFE876: 
The method 'CustomTextField' 
isn't defined for the type 
'_CajaFormScreenState'. [C:\U
sers\Roberto\Desktop\sistema 
prestamos\prestamos_app\build
\windows\x64\flutter\flutter_
assemble.vcxproj]
lib/features/caja/presentatio
n/screens/caja_form_screen.da
rt(262,19): error GE5CFE876: 
The method 'CustomTextField' 
isn't defined for the type 
'_CajaFormScreenState'. [C:\U
sers\Roberto\Desktop\sistema 
prestamos\prestamos_app\build
\windows\x64\flutter\flutter_
assemble.vcxproj]
lib/features/caja/presentatio
n/screens/caja_form_screen.da
rt(289,32): error GE5CFE876: 
The method 'CustomButton' 
isn't defined for the type 
'_CajaFormScreenState'. [C:\U
sers\Roberto\Desktop\sistema 
prestamos\prestamos_app\build
\windows\x64\flutter\flutter_
assemble.vcxproj]
lib/features/caja/presentatio
n/screens/caja_form_screen.da
rt(291,33): error G4127D1E8: 
The getter 'ButtonType' 
isn't defined for the type 
'_CajaFormScreenState'. [C:\U
sers\Roberto\Desktop\sistema 
prestamos\prestamos_app\build
\windows\x64\flutter\flutter_
assemble.vcxproj]
lib/features/caja/presentatio
n/screens/caja_form_screen.da
rt(298,32): error GE5CFE876: 
The method 'CustomButton' 
isn't defined for the type 
'_CajaFormScreenState'. [C:\U
sers\Roberto\Desktop\sistema 
prestamos\prestamos_app\build
\windows\x64\flutter\flutter_
assemble.vcxproj]
lib/features/caja/presentatio
n/screens/caja_detail_screen.
dart(122,39): error 
GC2F972A8: The argument type 
'Object?' can't be assigned 
to the parameter type 
'Movimiento'. [C:\Users\Rober
to\Desktop\sistema prestamos\
prestamos_app\build\windows\x
64\flutter\flutter_assemble.v
cxproj]
lib/features/caja/presentatio
n/screens/caja_detail_screen.
dart(127,26): error 
GC2F972A8: The argument type 
'List<dynamic>' can't be 
assigned to the parameter 
type 'List<Widget>'. [C:\User
s\Roberto\Desktop\sistema pre
stamos\prestamos_app\build\wi
ndows\x64\flutter\flutter_ass
emble.vcxproj]
lib/features/caja/presentatio
n/screens/caja_detail_screen.
dart(241,50): error 
G85045724: 'ResumenCaja' 
isn't a type. [C:\Users\Rober
to\Desktop\sistema prestamos\
prestamos_app\build\windows\x
64\flutter\flutter_assemble.v
cxproj]
lib/features/caja/presentatio
n/screens/caja_detail_screen.
dart(307,28): error 
G75B77105: Member not found: 
'Formatters.formatRelativeDat
e'. [C:\Users\Roberto\Desktop
\sistema prestamos\prestamos_
app\build\windows\x64\flutter
\flutter_assemble.vcxproj]
lib/features/caja/presentatio
n/screens/registrar_ingreso_s
creen.dart(177,28): error 
G67247B7E: Expected ']' 
before this. [C:\Users\Robert
o\Desktop\sistema prestamos\p
restamos_app\build\windows\x6
4\flutter\flutter_assemble.vc
xproj]
lib/features/caja/presentatio
n/screens/registrar_ingreso_s
creen.dart(175,48): error 
G366B1FB5: Too few 
positional arguments: 2 
required, 1 given. [C:\Users\
Roberto\Desktop\sistema prest
amos\prestamos_app\build\wind
ows\x64\flutter\flutter_assem
ble.vcxproj]
lib/features/caja/presentatio
n/screens/registrar_ingreso_s
creen.dart(170,17): error 
GE5CFE876: The method 
'CustomTextField' isn't 
defined for the type '_Regist
rarIngresoScreenState'. [C:\U
sers\Roberto\Desktop\sistema 
prestamos\prestamos_app\build
\windows\x64\flutter\flutter_
assemble.vcxproj]
lib/features/caja/presentatio
n/screens/registrar_ingreso_s
creen.dart(204,17): error 
GE5CFE876: The method 
'CustomTextField' isn't 
defined for the type '_Regist
rarIngresoScreenState'. [C:\U
sers\Roberto\Desktop\sistema 
prestamos\prestamos_app\build
\windows\x64\flutter\flutter_
assemble.vcxproj]
lib/features/caja/presentatio
n/screens/registrar_ingreso_s
creen.dart(238,17): error 
GE5CFE876: The method 
'CustomTextField' isn't 
defined for the type '_Regist
rarIngresoScreenState'. [C:\U
sers\Roberto\Desktop\sistema 
prestamos\prestamos_app\build
\windows\x64\flutter\flutter_
assemble.vcxproj]
lib/features/caja/presentatio
n/screens/registrar_ingreso_s
creen.dart(282,30): error 
GE5CFE876: The method 
'CustomButton' isn't defined 
for the type '_RegistrarIngre
soScreenState'. [C:\Users\Rob
erto\Desktop\sistema prestamo
s\prestamos_app\build\windows
\x64\flutter\flutter_assemble
.vcxproj]
lib/features/caja/presentatio
n/screens/registrar_ingreso_s
creen.dart(284,31): error 
G4127D1E8: The getter 
'ButtonType' isn't defined 
for the type '_RegistrarIngre
soScreenState'. [C:\Users\Rob
erto\Desktop\sistema prestamo
s\prestamos_app\build\windows
\x64\flutter\flutter_assemble
.vcxproj]
lib/features/caja/presentatio
n/screens/registrar_ingreso_s
creen.dart(291,30): error 
GE5CFE876: The method 
'CustomButton' isn't defined 
for the type '_RegistrarIngre
soScreenState'. [C:\Users\Rob
erto\Desktop\sistema prestamo
s\prestamos_app\build\windows
\x64\flutter\flutter_assemble
.vcxproj]
lib/features/caja/presentatio
n/screens/registrar_egreso_sc
reen.dart(207,38): error 
G3D07BBB7: Too few 
positional arguments: 1 
required, 0 given. [C:\Users\
Roberto\Desktop\sistema prest
amos\prestamos_app\build\wind
ows\x64\flutter\flutter_assem
ble.vcxproj]
lib/features/caja/presentatio
n/screens/registrar_egreso_sc
reen.dart(205,48): error 
G366B1FB5: Too few 
positional arguments: 2 
required, 1 given. [C:\Users\
Roberto\Desktop\sistema prest
amos\prestamos_app\build\wind
ows\x64\flutter\flutter_assem
ble.vcxproj]
lib/features/caja/presentatio
n/screens/registrar_egreso_sc
reen.dart(203,37): error 
GC2F972A8: The argument type 
'IconData' can't be assigned 
to the parameter type 
'Widget?'. [C:\Users\Roberto\
Desktop\sistema prestamos\pre
stamos_app\build\windows\x64\
flutter\flutter_assemble.vcxp
roj]
lib/features/caja/presentatio
n/screens/registrar_egreso_sc
reen.dart(246,37): error 
GC2F972A8: The argument type 
'IconData' can't be assigned 
to the parameter type 
'Widget?'. [C:\Users\Roberto\
Desktop\sistema prestamos\pre
stamos_app\build\windows\x64\
flutter\flutter_assemble.vcxp
roj]
lib/features/caja/presentatio
n/screens/registrar_egreso_sc
reen.dart(247,41): error 
GC2F972A8: The argument type 
'String?' can't be assigned 
to the parameter type 
'String? 
Function(String?)?'. [C:\User
s\Roberto\Desktop\sistema pre
stamos\prestamos_app\build\wi
ndows\x64\flutter\flutter_ass
emble.vcxproj]
lib/features/caja/presentatio
n/screens/registrar_egreso_sc
reen.dart(279,37): error 
GC2F972A8: The argument type 
'IconData' can't be assigned 
to the parameter type 
'Widget?'. [C:\Users\Roberto\
Desktop\sistema prestamos\pre
stamos_app\build\windows\x64\
flutter\flutter_assemble.vcxp
roj]
lib/features/caja/presentatio
n/screens/transferencia_scree
n.dart(193,34): error 
G3D07BBB7: Too few 
positional arguments: 1 
required, 0 given. [C:\Users\
Roberto\Desktop\sistema prest
amos\prestamos_app\build\wind
ows\x64\flutter\flutter_assem
ble.vcxproj]
lib/features/caja/presentatio
n/screens/transferencia_scree
n.dart(191,44): error 
G366B1FB5: Too few 
positional arguments: 2 
required, 1 given. [C:\Users\
Roberto\Desktop\sistema prest
amos\prestamos_app\build\wind
ows\x64\flutter\flutter_assem
ble.vcxproj]
lib/features/caja/presentatio
n/screens/transferencia_scree
n.dart(189,33): error 
GC2F972A8: The argument type 
'IconData' can't be assigned 
to the parameter type 
'Widget?'. [C:\Users\Roberto\
Desktop\sistema prestamos\pre
stamos_app\build\windows\x64\
flutter\flutter_assemble.vcxp
roj]
lib/features/caja/presentatio
n/screens/transferencia_scree
n.dart(221,33): error 
GC2F972A8: The argument type 
'IconData' can't be assigned 
to the parameter type 
'Widget?'. [C:\Users\Roberto\
Desktop\sistema prestamos\pre
stamos_app\build\windows\x64\
flutter\flutter_assemble.vcxp
roj]
lib/features/caja/presentatio
n/screens/transferencia_scree
n.dart(222,37): error 
GC2F972A8: The argument type 
'String?' can't be assigned 
to the parameter type 
'String? 
Function(String?)?'. [C:\User
s\Roberto\Desktop\sistema pre
stamos\prestamos_app\build\wi
ndows\x64\flutter\flutter_ass
emble.vcxproj]
lib/features/caja/presentatio
n/screens/transferencia_scree
n.dart(254,33): error 
GC2F972A8: The argument type 
'IconData' can't be assigned 
to the parameter type 
'Widget?'. [C:\Users\Roberto\
Desktop\sistema prestamos\pre
stamos_app\build\windows\x64\
flutter\flutter_assemble.vcxp
roj]
lib/core/utils/formatters.dar
t(7,68): error G75B77105: 
Member not found: 
'dateFormat'. [C:\Users\Rober
to\Desktop\sistema prestamos\
prestamos_app\build\windows\x
64\flutter\flutter_assemble.v
cxproj]
lib/core/utils/formatters.dar
t(8,72): error G75B77105: 
Member not found: 
'dateTimeFormat'. [C:\Users\R
oberto\Desktop\sistema presta
mos\prestamos_app\build\windo
ws\x64\flutter\flutter_assemb
le.vcxproj]
lib/core/utils/formatters.dar
t(12,26): error G75B77105: 
Member not found: 
'currencyLocale'. [C:\Users\R
oberto\Desktop\sistema presta
mos\prestamos_app\build\windo
ws\x64\flutter\flutter_assemb
le.vcxproj]
lib/core/utils/formatters.dar
t(13,26): error G75B77105: 
Member not found: 
'currencySymbol'. [C:\Users\R
oberto\Desktop\sistema presta
mos\prestamos_app\build\windo
ws\x64\flutter\flutter_assemb
le.vcxproj]
lib/core/utils/formatters.dar
t(55,48): error G75B77105: 
Member not found: 
'currencySymbol'. [C:\Users\R
oberto\Desktop\sistema presta
mos\prestamos_app\build\windo
ws\x64\flutter\flutter_assemb
le.vcxproj]
lib/core/utils/formatters.dar
t(68,36): error G75B77105: 
Member not found: 
'currencySymbol'. [C:\Users\R
oberto\Desktop\sistema presta
mos\prestamos_app\build\windo
ws\x64\flutter\flutter_assemb
le.vcxproj]
lib/features/prestamos/presen
tation/providers/prestamo_pro
vider.dart(112,9): error 
GBA45BA74: 'GetPrestamos' 
isn't a type. [C:\Users\Rober
to\Desktop\sistema prestamos\
prestamos_app\build\windows\x
64\flutter\flutter_assemble.v
cxproj]
lib/features/prestamos/presen
tation/providers/prestamo_pro
vider.dart(113,9): error 
G2DDAA6B4: 'SearchPrestamos' 
isn't a type. [C:\Users\Rober
to\Desktop\sistema prestamos\
prestamos_app\build\windows\x
64\flutter\flutter_assemble.v
cxproj]
lib/features/prestamos/presen
tation/widgets/resumen_presta
mo_widget.dart(103,35): 
error G75B77105: Member not 
found: 'Formatters.formatPerc
entage'. [C:\Users\Roberto\De
sktop\sistema prestamos\prest
amos_app\build\windows\x64\fl
utter\flutter_assemble.vcxpro
j]
lib/core/database/database.da
rt(185,28): error G311314CC: 
Method not found: 'getApplica
tionDocumentsFolder'. [C:\Use
rs\Roberto\Desktop\sistema pr
estamos\prestamos_app\build\w
indows\x64\flutter\flutter_as
semble.vcxproj]
lib/features/prestamos/domain
/usecases/generar_tabla_amort
izacion.dart(50,19): error 
GE5CFE876: The method 
'CalculationFailure' isn't 
defined for the type 
'GenerarTablaAmortizacion'. [
C:\Users\Roberto\Desktop\sist
ema prestamos\prestamos_app\b
uild\windows\x64\flutter\flut
ter_assemble.vcxproj]
lib/features/caja/data/dataso
urces/caja_local_data_source.
dart(16,39): error 
G75B77105: Member not found: 
'CajaModel.fromDrift'. [C:\Us
ers\Roberto\Desktop\sistema p
restamos\prestamos_app\build\
windows\x64\flutter\flutter_a
ssemble.vcxproj]
lib/features/caja/data/dataso
urces/caja_local_data_source.
dart(16,53): error 
G44692867: A value of type 
'List<dynamic>' can't be 
returned from an async 
function with return type 
'Future<List<CajaModel>>'. [C
:\Users\Roberto\Desktop\siste
ma prestamos\prestamos_app\bu
ild\windows\x64\flutter\flutt
er_assemble.vcxproj]
lib/features/caja/data/dataso
urces/caja_local_data_source.
dart(28,22): error 
G75B77105: Member not found: 
'CajaModel.fromDrift'. [C:\Us
ers\Roberto\Desktop\sistema p
restamos\prestamos_app\build\
windows\x64\flutter\flutter_a
ssemble.vcxproj]
lib/features/caja/data/dataso
urces/caja_local_data_source.
dart(37,39): error 
G75B77105: Member not found: 
'CajaModel.fromDrift'. [C:\Us
ers\Roberto\Desktop\sistema p
restamos\prestamos_app\build\
windows\x64\flutter\flutter_a
ssemble.vcxproj]
lib/features/caja/data/dataso
urces/caja_local_data_source.
dart(37,53): error 
G44692867: A value of type 
'List<dynamic>' can't be 
returned from an async 
function with return type 
'Future<List<CajaModel>>'. [C
:\Users\Roberto\Desktop\siste
ma prestamos\prestamos_app\bu
ild\windows\x64\flutter\flutt
er_assemble.vcxproj]
lib/features/caja/data/dataso
urces/caja_local_data_source.
dart(41,64): error 
GE5CFE876: The method 
'toCompanion' isn't defined 
for the type 'CajaModel'. [C:
\Users\Roberto\Desktop\sistem
a prestamos\prestamos_app\bui
ld\windows\x64\flutter\flutte
r_assemble.vcxproj]
lib/features/caja/data/dataso
urces/caja_local_data_source.
dart(42,17): error 
GE5CFE876: The method 
'copyWith' isn't defined for 
the type 'CajaModel'. [C:\Use
rs\Roberto\Desktop\sistema pr
estamos\prestamos_app\build\w
indows\x64\flutter\flutter_as
semble.vcxproj]
lib/features/caja/data/dataso
urces/caja_local_data_source.
dart(46,14): error 
G4127D1E8: The getter 'id' 
isn't defined for the type 
'CajaModel'. [C:\Users\Robert
o\Desktop\sistema prestamos\p
restamos_app\build\windows\x6
4\flutter\flutter_assemble.vc
xproj]
lib/features/caja/data/dataso
urces/caja_local_data_source.
dart(51,47): error 
G4127D1E8: The getter 'id' 
isn't defined for the type 
'CajaModel'. [C:\Users\Robert
o\Desktop\sistema prestamos\p
restamos_app\build\windows\x6
4\flutter\flutter_assemble.vc
xproj]
lib/features/caja/data/dataso
urces/caja_local_data_source.
dart(52,21): error 
GE5CFE876: The method 
'toCompanionForUpdate' isn't 
defined for the type 
'CajaModel'. [C:\Users\Robert
o\Desktop\sistema prestamos\p
restamos_app\build\windows\x6
4\flutter\flutter_assemble.vc
xproj]
lib/features/caja/data/dataso
urces/caja_local_data_source.
dart(55,43): error 
G4127D1E8: The getter 'id' 
isn't defined for the type 
'CajaModel'. [C:\Users\Robert
o\Desktop\sistema prestamos\p
restamos_app\build\windows\x6
4\flutter\flutter_assemble.vc
xproj]
lib/features/caja/data/dataso
urces/caja_local_data_source.
dart(102,34): error 
G4127D1E8: The getter 
'saldo' isn't defined for 
the type 'CajaModel'. [C:\Use
rs\Roberto\Desktop\sistema pr
estamos\prestamos_app\build\w
indows\x64\flutter\flutter_as
semble.vcxproj]
lib/features/caja/data/dataso
urces/caja_local_data_source.
dart(106,22): error 
G4127D1E8: The getter 
'MovimientoModel' isn't 
defined for the type 
'CajaLocalDataSource'. [C:\Us
ers\Roberto\Desktop\sistema p
restamos\prestamos_app\build\
windows\x64\flutter\flutter_a
ssemble.vcxproj]
lib/features/caja/data/dataso
urces/caja_local_data_source.
dart(138,14): error 
G4127D1E8: The getter 
'MovimientoModel' isn't 
defined for the type 
'CajaLocalDataSource'. [C:\Us
ers\Roberto\Desktop\sistema p
restamos\prestamos_app\build\
windows\x64\flutter\flutter_a
ssemble.vcxproj]
lib/features/caja/data/dataso
urces/caja_local_data_source.
dart(155,16): error 
G4127D1E8: The getter 
'saldo' isn't defined for 
the type 'CajaModel'. [C:\Use
rs\Roberto\Desktop\sistema pr
estamos\prestamos_app\build\w
indows\x64\flutter\flutter_as
semble.vcxproj]
lib/features/caja/data/dataso
urces/caja_local_data_source.
dart(156,55): error 
G4127D1E8: The getter 
'nombre' isn't defined for 
the type 'CajaModel'. [C:\Use
rs\Roberto\Desktop\sistema pr
estamos\prestamos_app\build\w
indows\x64\flutter\flutter_as
semble.vcxproj]
lib/features/caja/data/dataso
urces/caja_local_data_source.
dart(159,34): error 
G4127D1E8: The getter 
'saldo' isn't defined for 
the type 'CajaModel'. [C:\Use
rs\Roberto\Desktop\sistema pr
estamos\prestamos_app\build\w
indows\x64\flutter\flutter_as
semble.vcxproj]
lib/features/caja/data/dataso
urces/caja_local_data_source.
dart(163,22): error 
G4127D1E8: The getter 
'MovimientoModel' isn't 
defined for the type 
'CajaLocalDataSource'. [C:\Us
ers\Roberto\Desktop\sistema p
restamos\prestamos_app\build\
windows\x64\flutter\flutter_a
ssemble.vcxproj]
lib/features/caja/data/dataso
urces/caja_local_data_source.
dart(195,14): error 
G4127D1E8: The getter 
'MovimientoModel' isn't 
defined for the type 
'CajaLocalDataSource'. [C:\Us
ers\Roberto\Desktop\sistema p
restamos\prestamos_app\build\
windows\x64\flutter\flutter_a
ssemble.vcxproj]
lib/features/caja/data/dataso
urces/caja_local_data_source.
dart(213,22): error 
G4127D1E8: The getter 
'saldo' isn't defined for 
the type 'CajaModel'. [C:\Use
rs\Roberto\Desktop\sistema pr
estamos\prestamos_app\build\w
indows\x64\flutter\flutter_as
semble.vcxproj]
lib/features/caja/data/dataso
urces/caja_local_data_source.
dart(214,61): error 
G4127D1E8: The getter 
'nombre' isn't defined for 
the type 'CajaModel'. [C:\Use
rs\Roberto\Desktop\sistema pr
estamos\prestamos_app\build\w
indows\x64\flutter\flutter_as
semble.vcxproj]
lib/features/caja/data/dataso
urces/caja_local_data_source.
dart(218,28): error 
G4127D1E8: The getter 
'MovimientoModel' isn't 
defined for the type 
'CajaLocalDataSource'. [C:\Us
ers\Roberto\Desktop\sistema p
restamos\prestamos_app\build\
windows\x64\flutter\flutter_a
ssemble.vcxproj]
lib/features/caja/data/dataso
urces/caja_local_data_source.
dart(221,29): error 
G4127D1E8: The getter 
'MovimientoModel' isn't 
defined for the type 
'CajaLocalDataSource'. [C:\Us
ers\Roberto\Desktop\sistema p
restamos\prestamos_app\build\
windows\x64\flutter\flutter_a
ssemble.vcxproj]
lib/features/caja/data/dataso
urces/caja_local_data_source.
dart(231,59): error 
G4127D1E8: The getter 
'nombre' isn't defined for 
the type 'CajaModel'. [C:\Use
rs\Roberto\Desktop\sistema pr
estamos\prestamos_app\build\w
indows\x64\flutter\flutter_as
semble.vcxproj]
lib/features/caja/data/dataso
urces/caja_local_data_source.
dart(233,41): error 
G4127D1E8: The getter 
'saldo' isn't defined for 
the type 'CajaModel'. [C:\Use
rs\Roberto\Desktop\sistema pr
estamos\prestamos_app\build\w
indows\x64\flutter\flutter_as
semble.vcxproj]
lib/features/caja/data/dataso
urces/caja_local_data_source.
dart(234,38): error 
G4127D1E8: The getter 
'saldo' isn't defined for 
the type 'CajaModel'. [C:\Use
rs\Roberto\Desktop\sistema pr
estamos\prestamos_app\build\w
indows\x64\flutter\flutter_as
semble.vcxproj]
lib/features/caja/data/dataso
urces/caja_local_data_source.
dart(245,39): error 
G4127D1E8: The getter 
'saldo' isn't defined for 
the type 'CajaModel'. [C:\Use
rs\Roberto\Desktop\sistema pr
estamos\prestamos_app\build\w
indows\x64\flutter\flutter_as
semble.vcxproj]
lib/features/caja/data/dataso
urces/caja_local_data_source.
dart(257,62): error 
G4127D1E8: The getter 
'nombre' isn't defined for 
the type 'CajaModel'. [C:\Use
rs\Roberto\Desktop\sistema pr
estamos\prestamos_app\build\w
indows\x64\flutter\flutter_as
semble.vcxproj]
lib/features/caja/data/dataso
urces/caja_local_data_source.
dart(259,42): error 
G4127D1E8: The getter 
'saldo' isn't defined for 
the type 'CajaModel'. [C:\Use
rs\Roberto\Desktop\sistema pr
estamos\prestamos_app\build\w
indows\x64\flutter\flutter_as
semble.vcxproj]
lib/features/caja/data/dataso
urces/caja_local_data_source.
dart(260,39): error 
G4127D1E8: The getter 
'saldo' isn't defined for 
the type 'CajaModel'. [C:\Use
rs\Roberto\Desktop\sistema pr
estamos\prestamos_app\build\w
indows\x64\flutter\flutter_as
semble.vcxproj]
lib/features/caja/data/dataso
urces/caja_local_data_source.
dart(271,40): error 
G4127D1E8: The getter 
'saldo' isn't defined for 
the type 'CajaModel'. [C:\Use
rs\Roberto\Desktop\sistema pr
estamos\prestamos_app\build\w
indows\x64\flutter\flutter_as
semble.vcxproj]
lib/features/caja/data/dataso
urces/caja_local_data_source.
dart(285,9): error 
G4127D1E8: The getter 
'MovimientoModel' isn't 
defined for the type 
'CajaLocalDataSource'. [C:\Us
ers\Roberto\Desktop\sistema p
restamos\prestamos_app\build\
windows\x64\flutter\flutter_a
ssemble.vcxproj]
lib/features/caja/data/dataso
urces/caja_local_data_source.
dart(286,9): error 
G4127D1E8: The getter 
'MovimientoModel' isn't 
defined for the type 
'CajaLocalDataSource'. [C:\Us
ers\Roberto\Desktop\sistema p
restamos\prestamos_app\build\
windows\x64\flutter\flutter_a
ssemble.vcxproj]
lib/features/caja/data/dataso
urces/caja_local_data_source.
dart(296,35): error 
G4127D1E8: The getter 
'MovimientoModel' isn't 
defined for the type 
'CajaLocalDataSource'. [C:\Us
ers\Roberto\Desktop\sistema p
restamos\prestamos_app\build\
windows\x64\flutter\flutter_a
ssemble.vcxproj]
lib/features/caja/data/dataso
urces/caja_local_data_source.
dart(305,35): error 
G4127D1E8: The getter 
'MovimientoModel' isn't 
defined for the type 
'CajaLocalDataSource'. [C:\Us
ers\Roberto\Desktop\sistema p
restamos\prestamos_app\build\
windows\x64\flutter\flutter_a
ssemble.vcxproj]
lib/features/caja/data/dataso
urces/caja_local_data_source.
dart(321,35): error 
G4127D1E8: The getter 
'MovimientoModel' isn't 
defined for the type 
'CajaLocalDataSource'. [C:\Us
ers\Roberto\Desktop\sistema p
restamos\prestamos_app\build\
windows\x64\flutter\flutter_a
ssemble.vcxproj]
lib/features/caja/data/dataso
urces/caja_local_data_source.
dart(328,54): error 
G4127D1E8: The getter 
'saldo' isn't defined for 
the type 'CajaModel'. [C:\Use
rs\Roberto\Desktop\sistema pr
estamos\prestamos_app\build\w
indows\x64\flutter\flutter_as
semble.vcxproj]
lib/features/caja/data/dataso
urces/caja_local_data_source.
dart(328,47): error 
GE90CF69D: The operator '+' 
isn't defined for the type 
'FutureOr<double>'. [C:\Users
\Roberto\Desktop\sistema pres
tamos\prestamos_app\build\win
dows\x64\flutter\flutter_asse
mble.vcxproj]
lib/features/caja/data/dataso
urces/caja_local_data_source.
dart(361,13): error 
GC2F972A8: The argument type 
'CajaModel' can't be 
assigned to the parameter 
type 'Caja'. [C:\Users\Robert
o\Desktop\sistema prestamos\p
restamos_app\build\windows\x6
4\flutter\flutter_assemble.vc
xproj]
lib/features/caja/data/dataso
urces/caja_local_data_source.
dart(380,26): error 
G4127D1E8: The getter 
'saldo' isn't defined for 
the type 'CajaModel'. [C:\Use
rs\Roberto\Desktop\sistema pr
estamos\prestamos_app\build\w
indows\x64\flutter\flutter_as
semble.vcxproj]
lib/features/caja/data/reposi
tories/caja_repository_impl.d
art(30,20): error GC2F972A8: 
The argument type 
'List<CajaModel>' can't be 
assigned to the parameter 
type 'List<Caja>'. [C:\Users\
Roberto\Desktop\sistema prest
amos\prestamos_app\build\wind
ows\x64\flutter\flutter_assem
ble.vcxproj]
lib/features/caja/data/reposi
tories/caja_repository_impl.d
art(40,20): error GC2F972A8: 
The argument type 
'CajaModel' can't be 
assigned to the parameter 
type 'Caja'. [C:\Users\Robert
o\Desktop\sistema prestamos\p
restamos_app\build\windows\x6
4\flutter\flutter_assemble.vc
xproj]
lib/features/caja/data/reposi
tories/caja_repository_impl.d
art(50,20): error GC2F972A8: 
The argument type 
'List<CajaModel>' can't be 
assigned to the parameter 
type 'List<Caja>'. [C:\Users\
Roberto\Desktop\sistema prest
amos\prestamos_app\build\wind
ows\x64\flutter\flutter_assem
ble.vcxproj]
lib/features/caja/data/reposi
tories/caja_repository_impl.d
art(61,20): error GC2F972A8: 
The argument type 
'CajaModel' can't be 
assigned to the parameter 
type 'Caja'. [C:\Users\Robert
o\Desktop\sistema prestamos\p
restamos_app\build\windows\x6
4\flutter\flutter_assemble.vc
xproj]
lib/features/caja/data/reposi
tories/caja_repository_impl.d
art(72,20): error GC2F972A8: 
The argument type 
'CajaModel' can't be 
assigned to the parameter 
type 'Caja'. [C:\Users\Robert
o\Desktop\sistema prestamos\p
restamos_app\build\windows\x6
4\flutter\flutter_assemble.vc
xproj]
lib/features/caja/data/reposi
tories/caja_repository_impl.d
art(116,14): error 
G44692867: A value of type 
'Right<dynamic, dynamic>' 
can't be returned from an 
async function with return 
type 'Future<Either<Failure, 
invalid-type>>'. [C:\Users\Ro
berto\Desktop\sistema prestam
os\prestamos_app\build\window
s\x64\flutter\flutter_assembl
e.vcxproj]
lib/features/caja/data/reposi
tories/caja_repository_impl.d
art(140,14): error 
G44692867: A value of type 
'Right<dynamic, dynamic>' 
can't be returned from an 
async function with return 
type 'Future<Either<Failure, 
invalid-type>>'. [C:\Users\Ro
berto\Desktop\sistema prestam
os\prestamos_app\build\window
s\x64\flutter\flutter_assembl
e.vcxproj]
lib/features/caja/data/reposi
tories/caja_repository_impl.d
art(222,14): error 
G44692867: A value of type 
'Right<dynamic, 
ResumenCaja>' can't be 
returned from an async 
function with return type 
'Future<Either<Failure, 
invalid-type>>'. [C:\Users\Ro
berto\Desktop\sistema prestam
os\prestamos_app\build\window
s\x64\flutter\flutter_assembl
e.vcxproj]
lib/features/pagos/data/datas
ources/pago_local_data_source
.dart(60,29): error 
GC2F972A8: The argument type 
'Value<double>' can't be 
assigned to the parameter 
type 'double'. [C:\Users\Robe
rto\Desktop\sistema prestamos
\prestamos_app\build\windows\
x64\flutter\flutter_assemble.
vcxproj]
lib/features/pagos/data/datas
ources/pago_local_data_source
.dart(61,29): error 
GC2F972A8: The argument type 
'Value<double>' can't be 
assigned to the parameter 
type 'double'. [C:\Users\Robe
rto\Desktop\sistema prestamos
\prestamos_app\build\windows\
x64\flutter\flutter_assemble.
vcxproj]
lib/features/pagos/data/datas
ources/pago_local_data_source
.dart(63,23): error 
GC2F972A8: The argument type 
'Value<int?>' can't be 
assigned to the parameter 
type 'int'. [C:\Users\Roberto
\Desktop\sistema prestamos\pr
estamos_app\build\windows\x64
\flutter\flutter_assemble.vcx
proj]
lib/features/pagos/data/datas
ources/pago_local_data_source
.dart(64,27): error 
GC2F972A8: The argument type 
'Value<String>' can't be 
assigned to the parameter 
type 'String'. [C:\Users\Robe
rto\Desktop\sistema prestamos
\prestamos_app\build\windows\
x64\flutter\flutter_assemble.
vcxproj]
lib/features/prestamos/data/m
odels/prestamo_model.dart(140
,33): error G75B77105: 
Member not found: 
'pagosFijos'. [C:\Users\Rober
to\Desktop\sistema prestamos\
prestamos_app\build\windows\x
64\flutter\flutter_assemble.v
cxproj]
lib/features/caja/data/models
/caja_model.dart(28,11): 
error G67247B7E: Expected 
',' before this. [C:\Users\Ro
berto\Desktop\sistema prestam
os\prestamos_app\build\window
s\x64\flutter\flutter_assembl
e.vcxproj]
lib/features/caja/data/models
/caja_model.dart(28,31): 
error GC9768DF9: Undefined 
name 'db'. [C:\Users\Roberto\
Desktop\sistema prestamos\pre
stamos_app\build\windows\x64\
flutter\flutter_assemble.vcxp
roj]
lib/features/caja/data/models
/caja_model.dart(28,39): 
error G67247B7E: Expected 
',' before this. [C:\Users\Ro
berto\Desktop\sistema prestam
os\prestamos_app\build\window
s\x64\flutter\flutter_assembl
e.vcxproj]
lib/features/caja/data/models
/caja_model.dart(28,39): 
error GC9768DF9: Undefined 
name 'data'. [C:\Users\Robert
o\Desktop\sistema prestamos\p
restamos_app\build\windows\x6
4\flutter\flutter_assemble.vc
xproj]
lib/features/caja/data/models
/caja_model.dart(28,21): 
error G75B77105: Member not 
found: 
'CajaModel.fromDrift'. [C:\Us
ers\Roberto\Desktop\sistema p
restamos\prestamos_app\build\
windows\x64\flutter\flutter_a
ssemble.vcxproj]
lib/features/caja/data/models
/caja_model.dart(28,45): 
error G67247B7E: Expected 
',' before this. [C:\Users\Ro
berto\Desktop\sistema prestam
os\prestamos_app\build\window
s\x64\flutter\flutter_assembl
e.vcxproj]
lib/features/caja/data/models
/caja_model.dart(29,5): 
error G5BADBE1C: Unexpected 
token 'return'. [C:\Users\Rob
erto\Desktop\sistema prestamo
s\prestamos_app\build\windows
\x64\flutter\flutter_assemble
.vcxproj]
lib/features/caja/data/models
/caja_model.dart(30,11): 
error GC9768DF9: Undefined 
name 'data'. [C:\Users\Robert
o\Desktop\sistema prestamos\p
restamos_app\build\windows\x6
4\flutter\flutter_assemble.vc
xproj]
lib/features/caja/data/models
/caja_model.dart(31,15): 
error GC9768DF9: Undefined 
name 'data'. [C:\Users\Robert
o\Desktop\sistema prestamos\p
restamos_app\build\windows\x6
4\flutter\flutter_assemble.vc
xproj]
lib/features/caja/data/models
/caja_model.dart(32,13): 
error GC9768DF9: Undefined 
name 'data'. [C:\Users\Robert
o\Desktop\sistema prestamos\p
restamos_app\build\windows\x6
4\flutter\flutter_assemble.vc
xproj]
lib/features/caja/data/models
/caja_model.dart(33,14): 
error GC9768DF9: Undefined 
name 'data'. [C:\Users\Robert
o\Desktop\sistema prestamos\p
restamos_app\build\windows\x6
4\flutter\flutter_assemble.vc
xproj]
lib/features/caja/data/models
/caja_model.dart(34,20): 
error GC9768DF9: Undefined 
name 'data'. [C:\Users\Robert
o\Desktop\sistema prestamos\p
restamos_app\build\windows\x6
4\flutter\flutter_assemble.vc
xproj]
lib/features/caja/data/models
/caja_model.dart(35,15): 
error GC9768DF9: Undefined 
name 'data'. [C:\Users\Robert
o\Desktop\sistema prestamos\p
restamos_app\build\windows\x6
4\flutter\flutter_assemble.vc
xproj]
lib/features/caja/data/models
/caja_model.dart(36,22): 
error GC9768DF9: Undefined 
name 'data'. [C:\Users\Robert
o\Desktop\sistema prestamos\p
restamos_app\build\windows\x6
4\flutter\flutter_assemble.vc
xproj]
lib/features/caja/data/models
/caja_model.dart(37,27): 
error GC9768DF9: Undefined 
name 'data'. [C:\Users\Robert
o\Desktop\sistema prestamos\p
restamos_app\build\windows\x6
4\flutter\flutter_assemble.vc
xproj]
lib/features/caja/data/models
/caja_model.dart(40,6): 
error G67247B7E: Expected 
'}' before this. [C:\Users\Ro
berto\Desktop\sistema prestam
os\prestamos_app\build\window
s\x64\flutter\flutter_assembl
e.vcxproj]
lib/features/caja/data/models
/caja_model.dart(44,3): 
error G67247B7E: Expected 
',' before this. [C:\Users\Ro
berto\Desktop\sistema prestam
os\prestamos_app\build\window
s\x64\flutter\flutter_assembl
e.vcxproj]
lib/features/caja/data/models
/caja_model.dart(44,3): 
error GD5C0C3B6: 
'db.CajasCompanion' can't be 
used as a type because 'db' 
doesn't refer to an import 
prefix. [C:\Users\Roberto\Des
ktop\sistema prestamos\presta
mos_app\build\windows\x64\flu
tter\flutter_assemble.vcxproj
]
lib/features/caja/data/models
/caja_model.dart(44,21): 
error GA56F07C1: A function 
expression can't have a 
name. [C:\Users\Roberto\Deskt
op\sistema prestamos\prestamo
s_app\build\windows\x64\flutt
er\flutter_assemble.vcxproj]
lib/features/caja/data/models
/caja_model.dart(46,11): 
error GC9768DF9: Undefined 
name 'id'. [C:\Users\Roberto\
Desktop\sistema prestamos\pre
stamos_app\build\windows\x64\
flutter\flutter_assemble.vcxp
roj]
lib/features/caja/data/models
/caja_model.dart(46,30): 
error GC9768DF9: Undefined 
name 'id'. [C:\Users\Roberto\
Desktop\sistema prestamos\pre
stamos_app\build\windows\x64\
flutter\flutter_assemble.vcxp
roj]
lib/features/caja/data/models
/caja_model.dart(47,21): 
error GC9768DF9: Undefined 
name 'nombre'. [C:\Users\Robe
rto\Desktop\sistema prestamos
\prestamos_app\build\windows\
x64\flutter\flutter_assemble.
vcxproj]
lib/features/caja/data/models
/caja_model.dart(48,19): 
error GC9768DF9: Undefined 
name 'tipo'. [C:\Users\Robert
o\Desktop\sistema prestamos\p
restamos_app\build\windows\x6
4\flutter\flutter_assemble.vc
xproj]
lib/features/caja/data/models
/caja_model.dart(50,26): 
error GC9768DF9: Undefined 
name 'saldo'. [C:\Users\Rober
to\Desktop\sistema prestamos\
prestamos_app\build\windows\x
64\flutter\flutter_assemble.v
cxproj]
lib/features/caja/data/models
/caja_model.dart(51,26): 
error GC9768DF9: Undefined 
name 'descripcion'. [C:\Users
\Roberto\Desktop\sistema pres
tamos\prestamos_app\build\win
dows\x64\flutter\flutter_asse
mble.vcxproj]
lib/features/caja/data/models
/caja_model.dart(52,21): 
error GC9768DF9: Undefined 
name 'activa'. [C:\Users\Robe
rto\Desktop\sistema prestamos
\prestamos_app\build\windows\
x64\flutter\flutter_assemble.
vcxproj]
lib/features/caja/data/models
/caja_model.dart(53,28): 
error GC9768DF9: Undefined 
name 'fechaCreacion'. [C:\Use
rs\Roberto\Desktop\sistema pr
estamos\prestamos_app\build\w
indows\x64\flutter\flutter_as
semble.vcxproj]
lib/features/caja/data/models
/caja_model.dart(45,12): 
error GC9768DF9: Undefined 
name 'db'. [C:\Users\Roberto\
Desktop\sistema prestamos\pre
stamos_app\build\windows\x64\
flutter\flutter_assemble.vcxp
roj]
lib/features/caja/data/models
/caja_model.dart(28,3): 
error GC9768DF9: Undefined 
name 'factory'. [C:\Users\Rob
erto\Desktop\sistema prestamo
s\prestamos_app\build\windows
\x64\flutter\flutter_assemble
.vcxproj]
lib/features/caja/data/models
/caja_model.dart(23,21): 
error GA7CB3618: Too many 
positional arguments: 0 
allowed, but 4 found. [C:\Use
rs\Roberto\Desktop\sistema pr
estamos\prestamos_app\build\w
indows\x64\flutter\flutter_as
semble.vcxproj]
lib/features/caja/data/models
/caja_model.dart(56,3): 
error G67247B7E: Expected 
';' after this. [C:\Users\Rob
erto\Desktop\sistema prestamo
s\prestamos_app\build\windows
\x64\flutter\flutter_assemble
.vcxproj]
lib/features/caja/data/models
/caja_model.dart(74,17): 
error G7D90D3D6: Expected 
identifier, but got 'this'. [
C:\Users\Roberto\Desktop\sist
ema prestamos\prestamos_app\b
uild\windows\x64\flutter\flut
ter_assemble.vcxproj]
lib/features/caja/data/models
/caja_model.dart(75,25): 
error G7D90D3D6: Expected 
identifier, but got 'this'. [
C:\Users\Roberto\Desktop\sist
ema prestamos\prestamos_app\b
uild\windows\x64\flutter\flut
ter_assemble.vcxproj]
lib/features/caja/data/models
/caja_model.dart(76,21): 
error G7D90D3D6: Expected 
identifier, but got 'this'. [
C:\Users\Roberto\Desktop\sist
ema prestamos\prestamos_app\b
uild\windows\x64\flutter\flut
ter_assemble.vcxproj]
lib/features/caja/data/models
/caja_model.dart(77,23): 
error G7D90D3D6: Expected 
identifier, but got 'this'. [
C:\Users\Roberto\Desktop\sist
ema prestamos\prestamos_app\b
uild\windows\x64\flutter\flut
ter_assemble.vcxproj]
lib/features/caja/data/models
/caja_model.dart(78,37): 
error G7D90D3D6: Expected 
identifier, but got 'this'. [
C:\Users\Roberto\Desktop\sist
ema prestamos\prestamos_app\b
uild\windows\x64\flutter\flut
ter_assemble.vcxproj]
lib/features/caja/data/models
/caja_model.dart(79,23): 
error G7D90D3D6: Expected 
identifier, but got 'this'. [
C:\Users\Roberto\Desktop\sist
ema prestamos\prestamos_app\b
uild\windows\x64\flutter\flut
ter_assemble.vcxproj]
lib/features/caja/data/models
/caja_model.dart(80,27): 
error G7D90D3D6: Expected 
identifier, but got 'this'. [
C:\Users\Roberto\Desktop\sist
ema prestamos\prestamos_app\b
uild\windows\x64\flutter\flut
ter_assemble.vcxproj]
lib/features/caja/data/models
/caja_model.dart(81,35): 
error G7D90D3D6: Expected 
identifier, but got 'this'. [
C:\Users\Roberto\Desktop\sist
ema prestamos\prestamos_app\b
uild\windows\x64\flutter\flut
ter_assemble.vcxproj]
lib/features/caja/data/models
/caja_model.dart(82,25): 
error G7D90D3D6: Expected 
identifier, but got 'this'. [
C:\Users\Roberto\Desktop\sist
ema prestamos\prestamos_app\b
uild\windows\x64\flutter\flut
ter_assemble.vcxproj]
lib/features/caja/data/models
/caja_model.dart(83,39): 
error G7D90D3D6: Expected 
identifier, but got 'this'. [
C:\Users\Roberto\Desktop\sist
ema prestamos\prestamos_app\b
uild\windows\x64\flutter\flut
ter_assemble.vcxproj]
lib/features/caja/data/models
/caja_model.dart(84,49): 
error G7D90D3D6: Expected 
identifier, but got 'this'. [
C:\Users\Roberto\Desktop\sist
ema prestamos\prestamos_app\b
uild\windows\x64\flutter\flut
ter_assemble.vcxproj]
lib/features/caja/data/models
/caja_model.dart(89,3): 
error G67247B7E: Expected 
';' after this. [C:\Users\Rob
erto\Desktop\sistema prestamo
s\prestamos_app\build\windows
\x64\flutter\flutter_assemble
.vcxproj]
lib/features/caja/data/models
/caja_model.dart(89,3): 
error GC9768DF9: Undefined 
name 'factory'. [C:\Users\Rob
erto\Desktop\sistema prestamo
s\prestamos_app\build\windows
\x64\flutter\flutter_assemble
.vcxproj]
lib/features/caja/data/models
/caja_model.dart(89,37): 
error G67247B7E: Expected 
',' before this. [C:\Users\Ro
berto\Desktop\sistema prestam
os\prestamos_app\build\window
s\x64\flutter\flutter_assembl
e.vcxproj]
lib/features/caja/data/models
/caja_model.dart(89,32): 
error G0027FE65: 'Caja' is 
imported from both 'package:s
istema_prestamos/core/databas
e/database.dart' and 'package
:sistema_prestamos/features/c
aja/domain/entities/caja.dart
'. [C:\Users\Roberto\Desktop\
sistema prestamos\prestamos_a
pp\build\windows\x64\flutter\
flutter_assemble.vcxproj]
lib/features/caja/data/models
/caja_model.dart(89,37): 
error GC9768DF9: Undefined 
name 'entity'. [C:\Users\Robe
rto\Desktop\sistema prestamos
\prestamos_app\build\windows\
x64\flutter\flutter_assemble.
vcxproj]
lib/features/caja/data/models
/caja_model.dart(89,31): 
error G69E91ED9: Too many 
positional arguments: 1 
allowed, but 2 found. [C:\Use
rs\Roberto\Desktop\sistema pr
estamos\prestamos_app\build\w
indows\x64\flutter\flutter_as
semble.vcxproj]
lib/features/caja/data/models
/caja_model.dart(89,43): 
error G67247B7E: Expected 
';' after this. [C:\Users\Rob
erto\Desktop\sistema prestamo
s\prestamos_app\build\windows
\x64\flutter\flutter_assemble
.vcxproj]
lib/features/caja/data/models
/caja_model.dart(91,11): 
error GC9768DF9: Undefined 
name 'entity'. [C:\Users\Robe
rto\Desktop\sistema prestamos
\prestamos_app\build\windows\
x64\flutter\flutter_assemble.
vcxproj]
lib/features/caja/data/models
/caja_model.dart(92,15): 
error GC9768DF9: Undefined 
name 'entity'. [C:\Users\Robe
rto\Desktop\sistema prestamos
\prestamos_app\build\windows\
x64\flutter\flutter_assemble.
vcxproj]
lib/features/caja/data/models
/caja_model.dart(93,13): 
error GC9768DF9: Undefined 
name 'entity'. [C:\Users\Robe
rto\Desktop\sistema prestamos
\prestamos_app\build\windows\
x64\flutter\flutter_assemble.
vcxproj]
lib/features/caja/data/models
/caja_model.dart(94,14): 
error GC9768DF9: Undefined 
name 'entity'. [C:\Users\Robe
rto\Desktop\sistema prestamos
\prestamos_app\build\windows\
x64\flutter\flutter_assemble.
vcxproj]
lib/features/caja/data/models
/caja_model.dart(95,21): 
error GC9768DF9: Undefined 
name 'entity'. [C:\Users\Robe
rto\Desktop\sistema prestamos
\prestamos_app\build\windows\
x64\flutter\flutter_assemble.
vcxproj]
lib/features/caja/data/models
/caja_model.dart(96,14): 
error GC9768DF9: Undefined 
name 'entity'. [C:\Users\Robe
rto\Desktop\sistema prestamos
\prestamos_app\build\windows\
x64\flutter\flutter_assemble.
vcxproj]
lib/features/caja/data/models
/caja_model.dart(97,16): 
error GC9768DF9: Undefined 
name 'entity'. [C:\Users\Robe
rto\Desktop\sistema prestamos
\prestamos_app\build\windows\
x64\flutter\flutter_assemble.
vcxproj]
lib/features/caja/data/models
/caja_model.dart(98,20): 
error GC9768DF9: Undefined 
name 'entity'. [C:\Users\Robe
rto\Desktop\sistema prestamos
\prestamos_app\build\windows\
x64\flutter\flutter_assemble.
vcxproj]
lib/features/caja/data/models
/caja_model.dart(99,15): 
error GC9768DF9: Undefined 
name 'entity'. [C:\Users\Robe
rto\Desktop\sistema prestamos
\prestamos_app\build\windows\
x64\flutter\flutter_assemble.
vcxproj]
lib/features/caja/data/models
/caja_model.dart(100,22): 
error GC9768DF9: Undefined 
name 'entity'. [C:\Users\Robe
rto\Desktop\sistema prestamos
\prestamos_app\build\windows\
x64\flutter\flutter_assemble.
vcxproj]
lib/features/caja/data/models
/caja_model.dart(101,27): 
error GC9768DF9: Undefined 
name 'entity'. [C:\Users\Robe
rto\Desktop\sistema prestamos
\prestamos_app\build\windows\
x64\flutter\flutter_assemble.
vcxproj]
lib/features/caja/data/models
/caja_model.dart(110,14): 
error G67247B7E: Expected 
',' before this. [C:\Users\Ro
berto\Desktop\sistema prestam
os\prestamos_app\build\window
s\x64\flutter\flutter_assembl
e.vcxproj]
lib/features/caja/data/models
/caja_model.dart(111,14): 
error G67247B7E: Expected 
',' before this. [C:\Users\Ro
berto\Desktop\sistema prestam
os\prestamos_app\build\window
s\x64\flutter\flutter_assembl
e.vcxproj]
lib/features/caja/data/models
/caja_model.dart(112,14): 
error G67247B7E: Expected 
',' before this. [C:\Users\Ro
berto\Desktop\sistema prestam
os\prestamos_app\build\window
s\x64\flutter\flutter_assembl
e.vcxproj]
lib/features/caja/data/models
/caja_model.dart(113,14): 
error G67247B7E: Expected 
',' before this. [C:\Users\Ro
berto\Desktop\sistema prestam
os\prestamos_app\build\window
s\x64\flutter\flutter_assembl
e.vcxproj]
lib/features/caja/data/models
/caja_model.dart(114,14): 
error G67247B7E: Expected 
',' before this. [C:\Users\Ro
berto\Desktop\sistema prestam
os\prestamos_app\build\window
s\x64\flutter\flutter_assembl
e.vcxproj]
lib/features/caja/data/models
/caja_model.dart(115,14): 
error G67247B7E: Expected 
',' before this. [C:\Users\Ro
berto\Desktop\sistema prestam
os\prestamos_app\build\window
s\x64\flutter\flutter_assembl
e.vcxproj]
lib/features/caja/data/models
/caja_model.dart(124,11): 
error GC3E33660: Superclass 
has no getter named 
'codigo'. [C:\Users\Roberto\D
esktop\sistema prestamos\pres
tamos_app\build\windows\x64\f
lutter\flutter_assemble.vcxpr
oj]
lib/features/caja/data/models
/caja_model.dart(123,11): 
error GC3E33660: Superclass 
has no getter named 
'cajaDestinoId'. [C:\Users\Ro
berto\Desktop\sistema prestam
os\prestamos_app\build\window
s\x64\flutter\flutter_assembl
e.vcxproj]
lib/features/caja/data/models
/caja_model.dart(122,22): 
error G4020727C: Not a 
constant expression. [C:\User
s\Roberto\Desktop\sistema pre
stamos\prestamos_app\build\wi
ndows\x64\flutter\flutter_ass
emble.vcxproj]
lib/features/caja/data/models
/caja_model.dart(121,25): 
error G4020727C: Not a 
constant expression. [C:\User
s\Roberto\Desktop\sistema pre
stamos\prestamos_app\build\wi
ndows\x64\flutter\flutter_ass
emble.vcxproj]
lib/features/caja/data/models
/caja_model.dart(119,11): 
error GC3E33660: Superclass 
has no getter named 
'fechaRegistro'. [C:\Users\Ro
berto\Desktop\sistema prestam
os\prestamos_app\build\window
s\x64\flutter\flutter_assembl
e.vcxproj]
lib/features/caja/data/models
/caja_model.dart(118,11): 
error GC3E33660: Superclass 
has no getter named 
'referencia'. [C:\Users\Rober
to\Desktop\sistema prestamos\
prestamos_app\build\windows\x
64\flutter\flutter_assemble.v
cxproj]
lib/features/caja/data/models
/caja_model.dart(117,11): 
error GC3E33660: Superclass 
has no getter named 
'pagoId'. [C:\Users\Roberto\D
esktop\sistema prestamos\pres
tamos_app\build\windows\x64\f
lutter\flutter_assemble.vcxpr
oj]
lib/features/caja/data/models
/caja_model.dart(116,11): 
error GC3E33660: Superclass 
has no getter named 
'prestamoId'. [C:\Users\Rober
to\Desktop\sistema prestamos\
prestamos_app\build\windows\x
64\flutter\flutter_assemble.v
cxproj]
lib/features/caja/data/models
/caja_model.dart(115,20): 
error GC3E33660: Superclass 
has no getter named 'fecha'. 
[C:\Users\Roberto\Desktop\sis
tema prestamos\prestamos_app\
build\windows\x64\flutter\flu
tter_assemble.vcxproj]
lib/features/caja/data/models
/caja_model.dart(115,5): 
error G4020727C: Not a 
constant expression. [C:\User
s\Roberto\Desktop\sistema pre
stamos\prestamos_app\build\wi
ndows\x64\flutter\flutter_ass
emble.vcxproj]
lib/features/caja/data/models
/caja_model.dart(114,20): 
error GC3E33660: Superclass 
has no getter named 
'descripcion'. [C:\Users\Robe
rto\Desktop\sistema prestamos
\prestamos_app\build\windows\
x64\flutter\flutter_assemble.
vcxproj]
lib/features/caja/data/models
/caja_model.dart(114,5): 
error G4020727C: Not a 
constant expression. [C:\User
s\Roberto\Desktop\sistema pre
stamos\prestamos_app\build\wi
ndows\x64\flutter\flutter_ass
emble.vcxproj]
lib/features/caja/data/models
/caja_model.dart(113,20): 
error GC3E33660: Superclass 
has no getter named 'monto'. 
[C:\Users\Roberto\Desktop\sis
tema prestamos\prestamos_app\
build\windows\x64\flutter\flu
tter_assemble.vcxproj]
lib/features/caja/data/models
/caja_model.dart(113,5): 
error G4020727C: Not a 
constant expression. [C:\User
s\Roberto\Desktop\sistema pre
stamos\prestamos_app\build\wi
ndows\x64\flutter\flutter_ass
emble.vcxproj]
lib/features/caja/data/models
/caja_model.dart(112,20): 
error GC3E33660: Superclass 
has no getter named 
'categoria'. [C:\Users\Robert
o\Desktop\sistema prestamos\p
restamos_app\build\windows\x6
4\flutter\flutter_assemble.vc
xproj]
lib/features/caja/data/models
/caja_model.dart(112,5): 
error G4020727C: Not a 
constant expression. [C:\User
s\Roberto\Desktop\sistema pre
stamos\prestamos_app\build\wi
ndows\x64\flutter\flutter_ass
emble.vcxproj]
lib/features/caja/data/models
/caja_model.dart(111,20): 
error GC3E33660: Superclass 
has no getter named 'tipo'. [
C:\Users\Roberto\Desktop\sist
ema prestamos\prestamos_app\b
uild\windows\x64\flutter\flut
ter_assemble.vcxproj]
lib/features/caja/data/models
/caja_model.dart(111,5): 
error G4020727C: Not a 
constant expression. [C:\User
s\Roberto\Desktop\sistema pre
stamos\prestamos_app\build\wi
ndows\x64\flutter\flutter_ass
emble.vcxproj]
lib/features/caja/data/models
/caja_model.dart(110,20): 
error GC3E33660: Superclass 
has no getter named 
'cajaId'. [C:\Users\Roberto\D
esktop\sistema prestamos\pres
tamos_app\build\windows\x64\f
lutter\flutter_assemble.vcxpr
oj]
lib/features/caja/data/models
/caja_model.dart(110,5): 
error G4020727C: Not a 
constant expression. [C:\User
s\Roberto\Desktop\sistema pre
stamos\prestamos_app\build\wi
ndows\x64\flutter\flutter_ass
emble.vcxproj]
lib/features/caja/data/models
/caja_model.dart(109,11): 
error GC3E33660: Superclass 
has no getter named 'id'. [C:
\Users\Roberto\Desktop\sistem
a prestamos\prestamos_app\bui
ld\windows\x64\flutter\flutte
r_assemble.vcxproj]
lib/features/caja/data/models
/caja_model.dart(108,9): 
error G4020727C: Not a 
constant expression. [C:\User
s\Roberto\Desktop\sistema pre
stamos\prestamos_app\build\wi
ndows\x64\flutter\flutter_ass
emble.vcxproj]
lib/features/caja/data/models
/caja_model.dart(128,3): 
error G67247B7E: Expected 
';' after this. [C:\Users\Rob
erto\Desktop\sistema prestamo
s\prestamos_app\build\windows
\x64\flutter\flutter_assemble
.vcxproj]
lib/features/caja/data/models
/caja_model.dart(128,51): 
error G67247B7E: Expected 
',' before this. [C:\Users\Ro
berto\Desktop\sistema prestam
os\prestamos_app\build\window
s\x64\flutter\flutter_assembl
e.vcxproj]
lib/features/caja/data/models
/caja_model.dart(128,55): 
error G67247B7E: Expected 
';' after this. [C:\Users\Rob
erto\Desktop\sistema prestamo
s\prestamos_app\build\windows
\x64\flutter\flutter_assemble
.vcxproj]
lib/features/caja/data/models
/caja_model.dart(149,3): 
error G297C951C: Can't have 
modifier 'static' here. [C:\U
sers\Roberto\Desktop\sistema 
prestamos\prestamos_app\build
\windows\x64\flutter\flutter_
assemble.vcxproj]
lib/features/caja/data/models
/caja_model.dart(156,3): 
error GCB3A78EA: 
'db.MovimientosCompanion' 
can't be used as a type 
because 'db' doesn't refer 
to an import prefix. [C:\User
s\Roberto\Desktop\sistema pre
stamos\prestamos_app\build\wi
ndows\x64\flutter\flutter_ass
emble.vcxproj]
lib/features/caja/data/models
/caja_model.dart(128,3): 
error G4127D1E8: The getter 
'factory' isn't defined for 
the type 'CajaModel'. [C:\Use
rs\Roberto\Desktop\sistema pr
estamos\prestamos_app\build\w
indows\x64\flutter\flutter_as
semble.vcxproj]
lib/features/caja/data/models
/caja_model.dart(128,11): 
error G4127D1E8: The getter 
'MovimientoModel' isn't 
defined for the type 
'CajaModel'. [C:\Users\Robert
o\Desktop\sistema prestamos\p
restamos_app\build\windows\x6
4\flutter\flutter_assemble.vc
xproj]
lib/features/caja/data/models
/caja_model.dart(128,37): 
error G4127D1E8: The getter 
'db' isn't defined for the 
type 'CajaModel'. [C:\Users\R
oberto\Desktop\sistema presta
mos\prestamos_app\build\windo
ws\x64\flutter\flutter_assemb
le.vcxproj]
lib/features/caja/data/models
/caja_model.dart(128,51): 
error G4127D1E8: The getter 
'data' isn't defined for the 
type 'CajaModel'. [C:\Users\R
oberto\Desktop\sistema presta
mos\prestamos_app\build\windo
ws\x64\flutter\flutter_assemb
le.vcxproj]
lib/features/caja/data/models
/caja_model.dart(129,12): 
error GE5CFE876: The method 
'MovimientoModel' isn't 
defined for the type 
'CajaModel'. [C:\Users\Robert
o\Desktop\sistema prestamos\p
restamos_app\build\windows\x6
4\flutter\flutter_assemble.vc
xproj]
lib/features/caja/data/models
/caja_model.dart(130,11): 
error G4127D1E8: The getter 
'data' isn't defined for the 
type 'CajaModel'. [C:\Users\R
oberto\Desktop\sistema presta
mos\prestamos_app\build\windo
ws\x64\flutter\flutter_assemb
le.vcxproj]
lib/features/caja/data/models
/caja_model.dart(131,15): 
error G4127D1E8: The getter 
'data' isn't defined for the 
type 'CajaModel'. [C:\Users\R
oberto\Desktop\sistema presta
mos\prestamos_app\build\windo
ws\x64\flutter\flutter_assemb
le.vcxproj]
lib/features/caja/data/models
/caja_model.dart(132,13): 
error G4127D1E8: The getter 
'data' isn't defined for the 
type 'CajaModel'. [C:\Users\R
oberto\Desktop\sistema presta
mos\prestamos_app\build\windo
ws\x64\flutter\flutter_assemb
le.vcxproj]
lib/features/caja/data/models
/caja_model.dart(133,18): 
error G4127D1E8: The getter 
'data' isn't defined for the 
type 'CajaModel'. [C:\Users\R
oberto\Desktop\sistema presta
mos\prestamos_app\build\windo
ws\x64\flutter\flutter_assemb
le.vcxproj]
lib/features/caja/data/models
/caja_model.dart(134,14): 
error G4127D1E8: The getter 
'data' isn't defined for the 
type 'CajaModel'. [C:\Users\R
oberto\Desktop\sistema presta
mos\prestamos_app\build\windo
ws\x64\flutter\flutter_assemb
le.vcxproj]
lib/features/caja/data/models
/caja_model.dart(135,20): 
error G4127D1E8: The getter 
'data' isn't defined for the 
type 'CajaModel'. [C:\Users\R
oberto\Desktop\sistema presta
mos\prestamos_app\build\windo
ws\x64\flutter\flutter_assemb
le.vcxproj]
lib/features/caja/data/models
/caja_model.dart(136,14): 
error G4127D1E8: The getter 
'data' isn't defined for the 
type 'CajaModel'. [C:\Users\R
oberto\Desktop\sistema presta
mos\prestamos_app\build\windo
ws\x64\flutter\flutter_assemb
le.vcxproj]
lib/features/caja/data/models
/caja_model.dart(137,19): 
error G4127D1E8: The getter 
'data' isn't defined for the 
type 'CajaModel'. [C:\Users\R
oberto\Desktop\sistema presta
mos\prestamos_app\build\windo
ws\x64\flutter\flutter_assemb
le.vcxproj]
lib/features/caja/data/models
/caja_model.dart(138,15): 
error G4127D1E8: The getter 
'data' isn't defined for the 
type 'CajaModel'. [C:\Users\R
oberto\Desktop\sistema presta
mos\prestamos_app\build\windo
ws\x64\flutter\flutter_assemb
le.vcxproj]
lib/features/caja/data/models
/caja_model.dart(139,19): 
error G4127D1E8: The getter 
'data' isn't defined for the 
type 'CajaModel'. [C:\Users\R
oberto\Desktop\sistema presta
mos\prestamos_app\build\windo
ws\x64\flutter\flutter_assemb
le.vcxproj]
lib/features/caja/data/models
/caja_model.dart(140,22): 
error G4127D1E8: The getter 
'data' isn't defined for the 
type 'CajaModel'. [C:\Users\R
oberto\Desktop\sistema presta
mos\prestamos_app\build\windo
ws\x64\flutter\flutter_assemb
le.vcxproj]
lib/features/caja/data/models
/caja_model.dart(141,22): 
error G4127D1E8: The getter 
'data' isn't defined for the 
type 'CajaModel'. [C:\Users\R
oberto\Desktop\sistema presta
mos\prestamos_app\build\windo
ws\x64\flutter\flutter_assemb
le.vcxproj]
lib/features/caja/data/models
/caja_model.dart(142,19): 
error G4127D1E8: The getter 
'data' isn't defined for the 
type 'CajaModel'. [C:\Users\R
oberto\Desktop\sistema presta
mos\prestamos_app\build\windo
ws\x64\flutter\flutter_assemb
le.vcxproj]
lib/features/caja/data/models
/caja_model.dart(143,22): 
error G4127D1E8: The getter 
'data' isn't defined for the 
type 'CajaModel'. [C:\Users\R
oberto\Desktop\sistema presta
mos\prestamos_app\build\windo
ws\x64\flutter\flutter_assemb
le.vcxproj]
lib/features/caja/data/models
/caja_model.dart(144,15): 
error G4127D1E8: The getter 
'data' isn't defined for the 
type 'CajaModel'. [C:\Users\R
oberto\Desktop\sistema presta
mos\prestamos_app\build\windo
ws\x64\flutter\flutter_assemb
le.vcxproj]
lib/features/caja/data/models
/caja_model.dart(157,12): 
error G4127D1E8: The getter 
'db' isn't defined for the 
type 'CajaModel'. [C:\Users\R
oberto\Desktop\sistema presta
mos\prestamos_app\build\windo
ws\x64\flutter\flutter_assemb
le.vcxproj]
lib/features/caja/data/models
/caja_model.dart(158,15): 
error G4127D1E8: The getter 
'codigo' isn't defined for 
the type 'CajaModel'. [C:\Use
rs\Roberto\Desktop\sistema pr
estamos\prestamos_app\build\w
indows\x64\flutter\flutter_as
semble.vcxproj]
lib/features/caja/data/models
/caja_model.dart(159,15): 
error G4127D1E8: The getter 
'cajaId' isn't defined for 
the type 'CajaModel'. [C:\Use
rs\Roberto\Desktop\sistema pr
estamos\prestamos_app\build\w
indows\x64\flutter\flutter_as
semble.vcxproj]
lib/features/caja/data/models
/caja_model.dart(160,13): 
error G4127D1E8: The getter 
'tipo' isn't defined for the 
type 'CajaModel'. [C:\Users\R
oberto\Desktop\sistema presta
mos\prestamos_app\build\windo
ws\x64\flutter\flutter_assemb
le.vcxproj]
lib/features/caja/data/models
/caja_model.dart(161,18): 
error G4127D1E8: The getter 
'categoria' isn't defined 
for the type 'CajaModel'. [C:
\Users\Roberto\Desktop\sistem
a prestamos\prestamos_app\bui
ld\windows\x64\flutter\flutte
r_assemble.vcxproj]
lib/features/caja/data/models
/caja_model.dart(162,14): 
error G4127D1E8: The getter 
'monto' isn't defined for 
the type 'CajaModel'. [C:\Use
rs\Roberto\Desktop\sistema pr
estamos\prestamos_app\build\w
indows\x64\flutter\flutter_as
semble.vcxproj]
lib/features/caja/data/models
/caja_model.dart(163,20): 
error G4127D1E8: The getter 
'descripcion' isn't defined 
for the type 'CajaModel'. [C:
\Users\Roberto\Desktop\sistem
a prestamos\prestamos_app\bui
ld\windows\x64\flutter\flutte
r_assemble.vcxproj]
lib/features/caja/data/models
/caja_model.dart(164,14): 
error G4127D1E8: The getter 
'fecha' isn't defined for 
the type 'CajaModel'. [C:\Use
rs\Roberto\Desktop\sistema pr
estamos\prestamos_app\build\w
indows\x64\flutter\flutter_as
semble.vcxproj]
lib/features/caja/data/models
/caja_model.dart(165,22): 
error G4127D1E8: The getter 
'saldoAnterior' isn't 
defined for the type 
'CajaModel'. [C:\Users\Robert
o\Desktop\sistema prestamos\p
restamos_app\build\windows\x6
4\flutter\flutter_assemble.vc
xproj]
lib/features/caja/data/models
/caja_model.dart(166,19): 
error G4127D1E8: The getter 
'saldoNuevo' isn't defined 
for the type 'CajaModel'. [C:
\Users\Roberto\Desktop\sistem
a prestamos\prestamos_app\bui
ld\windows\x64\flutter\flutte
r_assemble.vcxproj]
lib/features/caja/data/models
/caja_model.dart(167,28): 
error G4127D1E8: The getter 
'cajaDestinoId' isn't 
defined for the type 
'CajaModel'. [C:\Users\Robert
o\Desktop\sistema prestamos\p
restamos_app\build\windows\x6
4\flutter\flutter_assemble.vc
xproj]
lib/features/caja/data/models
/caja_model.dart(168,25): 
error G4127D1E8: The getter 
'prestamoId' isn't defined 
for the type 'CajaModel'. [C:
\Users\Roberto\Desktop\sistem
a prestamos\prestamos_app\bui
ld\windows\x64\flutter\flutte
r_assemble.vcxproj]
lib/features/caja/data/models
/caja_model.dart(169,21): 
error G4127D1E8: The getter 
'pagoId' isn't defined for 
the type 'CajaModel'. [C:\Use
rs\Roberto\Desktop\sistema pr
estamos\prestamos_app\build\w
indows\x64\flutter\flutter_as
semble.vcxproj]
lib/features/caja/data/models
/caja_model.dart(170,28): 
error G4127D1E8: The getter 
'referencia' isn't defined 
for the type 'CajaModel'. [C:
\Users\Roberto\Desktop\sistem
a prestamos\prestamos_app\bui
ld\windows\x64\flutter\flutte
r_assemble.vcxproj]
lib/features/caja/data/models
/caja_model.dart(171,28): 
error G4127D1E8: The getter 
'fechaRegistro' isn't 
defined for the type 
'CajaModel'. [C:\Users\Robert
o\Desktop\sistema prestamos\p
restamos_app\build\windows\x6
4\flutter\flutter_assemble.vc
xproj]
lib/features/pagos/data/model
s/pago_model.dart(76,21): 
error GC2F972A8: The 
argument type 
'Value<double>' can't be 
assigned to the parameter 
type 'double'. [C:\Users\Robe
rto\Desktop\sistema prestamos
\prestamos_app\build\windows\
x64\flutter\flutter_assemble.
vcxproj]
lib/features/pagos/data/model
s/pago_model.dart(77,21): 
error GC2F972A8: The 
argument type 
'Value<double>' can't be 
assigned to the parameter 
type 'double'. [C:\Users\Robe
rto\Desktop\sistema prestamos
\prestamos_app\build\windows\
x64\flutter\flutter_assemble.
vcxproj]
lib/features/pagos/data/model
s/pago_model.dart(79,15): 
error GC2F972A8: The 
argument type 'int?' can't 
be assigned to the parameter 
type 'int'. [C:\Users\Roberto
\Desktop\sistema prestamos\pr
estamos_app\build\windows\x64
\flutter\flutter_assemble.vcx
proj]
lib/features/pagos/data/model
s/pago_model.dart(80,19): 
error GC2F972A8: The 
argument type 
'Value<String?>' can't be 
assigned to the parameter 
type 'String'. [C:\Users\Robe
rto\Desktop\sistema prestamos
\prestamos_app\build\windows\
x64\flutter\flutter_assemble.
vcxproj]
C:\Program Files\Microsoft 
Visual Studio\18\Community\MS
Build\Microsoft\VC\v180\Micro
soft.CppCommon.targets(254,5)
: error MSB8066: 
Compilaci├│n personalizada 
de "C:\Users\Roberto\Desktop\
sistema prestamos\prestamos_a
pp\build\windows\x64\CMakeFil
es\f8e945c5f73b6aa5bbe98be142
35ed7d\flutter_windows.dll.ru
le;C:\Users\Roberto\Desktop\s
istema prestamos\prestamos_ap
p\build\windows\x64\CMakeFile
s\9c70e614b8efe6f42efc1552e7a
614b2\flutter_assemble.rule;C
:\Users\Roberto\Desktop\siste
ma prestamos\prestamos_app\wi
ndows\flutter\CMakeLists.txt"
 terminada con el c├│digo 1. 
[C:\Users\Roberto\Desktop\sis
tema prestamos\prestamos_app\
build\windows\x64\flutter\flu
tter_assemble.vcxproj]
Building Windows application...                                    81,4s
Build process failed.
