Analyzing prestamos_app...                                      

   info - Don't invoke 'print' in production code - lib\core\database\database.dart:200:7 - avoid_print
   info - Don't invoke 'print' in production code - lib\core\database\database.dart:202:7 - avoid_print
   info - Use 'const' with the constructor to improve performance - lib\core\theme\app_theme.dart:59:25 - prefer_const_constructors
   info - 'withOpacity' is deprecated and shouldn't be used. Use .withValues() to avoid precision loss - lib\core\theme\app_theme.dart:111:35 - deprecated_member_use
   info - Use 'const' with the constructor to improve performance - lib\core\theme\app_theme.dart:153:25 - prefer_const_constructors
   info - 'withOpacity' is deprecated and shouldn't be used. Use .withValues() to avoid precision loss - lib\core\theme\app_theme.dart:207:48 - deprecated_member_use
   info - 'withOpacity' is deprecated and shouldn't be used. Use .withValues() to avoid precision loss - lib\core\theme\app_theme.dart:218:54 - deprecated_member_use
   info - 'withOpacity' is deprecated and shouldn't be used. Use .withValues() to avoid precision loss - lib\core\theme\app_theme.dart:222:54 - deprecated_member_use
   info - 'withOpacity' is deprecated and shouldn't be used. Use .withValues() to avoid precision loss - lib\core\theme\app_theme.dart:236:37 - deprecated_member_use
   info - 'withOpacity' is deprecated and shouldn't be used. Use .withValues() to avoid precision loss - lib\core\theme\app_theme.dart:259:51 - deprecated_member_use
   info - 'withOpacity' is deprecated and shouldn't be used. Use .withValues() to avoid precision loss - lib\features\ayuda\presentation\screens\ayuda_screen.dart:203:26 - deprecated_member_use
   info - 'withOpacity' is deprecated and shouldn't be used. Use .withValues() to avoid precision loss - lib\features\ayuda\presentation\screens\ayuda_screen.dart:397:26 - deprecated_member_use
warning - Unnecessary cast - lib\features\caja\data\datasources\caja_local_data_source.dart:42:12 - unnecessary_cast
warning - The left operand can't be null, so the right operand is never executed - lib\features\caja\data\models\caja_model.dart:46:45 - dead_null_aware_expression
warning - The left operand can't be null, so the right operand is never executed - lib\features\caja\data\models\caja_model.dart:176:45 - dead_null_aware_expression
   info - Use 'const' with the constructor to improve performance - lib\features\caja\domain\usecases\caja_usecases.dart:34:14 - prefer_const_constructors
   info - Use 'const' with the constructor to improve performance - lib\features\caja\domain\usecases\caja_usecases.dart:34:19 - prefer_const_constructors
   info - Use 'const' with the constructor to improve performance - lib\features\caja\domain\usecases\caja_usecases.dart:47:14 - prefer_const_constructors
   info - Use 'const' with the constructor to improve performance - lib\features\caja\domain\usecases\caja_usecases.dart:47:19 - prefer_const_constructors
   info - Use 'const' with the constructor to improve performance - lib\features\caja\domain\usecases\caja_usecases.dart:51:14 - prefer_const_constructors
   info - Use 'const' with the constructor to improve performance - lib\features\caja\domain\usecases\caja_usecases.dart:51:19 - prefer_const_constructors
   info - Use 'const' with the constructor to improve performance - lib\features\caja\domain\usecases\caja_usecases.dart:55:14 - prefer_const_constructors
   info - Use 'const' with the constructor to improve performance - lib\features\caja\domain\usecases\caja_usecases.dart:55:19 - prefer_const_constructors
   info - Use 'const' with the constructor to improve performance - lib\features\caja\domain\usecases\caja_usecases.dart:68:14 - prefer_const_constructors
   info - Use 'const' with the constructor to improve performance - lib\features\caja\domain\usecases\caja_usecases.dart:68:19 - prefer_const_constructors
   info - Use 'const' with the constructor to improve performance - lib\features\caja\domain\usecases\caja_usecases.dart:72:14 - prefer_const_constructors
   info - Use 'const' with the constructor to improve performance - lib\features\caja\domain\usecases\caja_usecases.dart:72:19 - prefer_const_constructors
   info - Use 'const' with the constructor to improve performance - lib\features\caja\domain\usecases\caja_usecases.dart:85:14 - prefer_const_constructors
   info - Use 'const' with the constructor to improve performance - lib\features\caja\domain\usecases\caja_usecases.dart:85:19 - prefer_const_constructors
   info - Use 'const' with the constructor to improve performance - lib\features\caja\domain\usecases\caja_usecases.dart:106:14 - prefer_const_constructors
   info - Use 'const' with the constructor to improve performance - lib\features\caja\domain\usecases\caja_usecases.dart:106:19 - prefer_const_constructors
   info - Use 'const' with the constructor to improve performance - lib\features\caja\domain\usecases\caja_usecases.dart:110:14 - prefer_const_constructors
   info - Use 'const' with the constructor to improve performance - lib\features\caja\domain\usecases\caja_usecases.dart:110:19 - prefer_const_constructors
   info - Use 'const' with the constructor to improve performance - lib\features\caja\domain\usecases\caja_usecases.dart:114:14 - prefer_const_constructors
   info - Use 'const' with the constructor to improve performance - lib\features\caja\domain\usecases\caja_usecases.dart:114:19 - prefer_const_constructors
   info - Use 'const' with the constructor to improve performance - lib\features\caja\domain\usecases\caja_usecases.dart:141:14 - prefer_const_constructors
   info - Use 'const' with the constructor to improve performance - lib\features\caja\domain\usecases\caja_usecases.dart:141:19 - prefer_const_constructors
   info - Use 'const' with the constructor to improve performance - lib\features\caja\domain\usecases\caja_usecases.dart:145:14 - prefer_const_constructors
   info - Use 'const' with the constructor to improve performance - lib\features\caja\domain\usecases\caja_usecases.dart:145:19 - prefer_const_constructors
   info - Use 'const' with the constructor to improve performance - lib\features\caja\domain\usecases\caja_usecases.dart:149:14 - prefer_const_constructors
   info - Use 'const' with the constructor to improve performance - lib\features\caja\domain\usecases\caja_usecases.dart:149:19 - prefer_const_constructors
   info - Use 'const' with the constructor to improve performance - lib\features\caja\domain\usecases\caja_usecases.dart:190:14 - prefer_const_constructors
   info - Use 'const' with the constructor to improve performance - lib\features\caja\domain\usecases\caja_usecases.dart:190:19 - prefer_const_constructors
   info - Use 'const' with the constructor to improve performance - lib\features\caja\domain\usecases\caja_usecases.dart:194:14 - prefer_const_constructors
   info - Use 'const' with the constructor to improve performance - lib\features\caja\domain\usecases\caja_usecases.dart:194:19 - prefer_const_constructors
   info - Use 'const' with the constructor to improve performance - lib\features\caja\domain\usecases\caja_usecases.dart:198:14 - prefer_const_constructors
   info - Use 'const' with the constructor to improve performance - lib\features\caja\domain\usecases\caja_usecases.dart:198:19 - prefer_const_constructors
   info - Use 'const' with the constructor to improve performance - lib\features\caja\domain\usecases\caja_usecases.dart:202:14 - prefer_const_constructors
   info - Use 'const' with the constructor to improve performance - lib\features\caja\domain\usecases\caja_usecases.dart:202:19 - prefer_const_constructors
   info - Use 'const' with the constructor to improve performance - lib\features\caja\domain\usecases\caja_usecases.dart:236:14 - prefer_const_constructors
   info - Use 'const' with the constructor to improve performance - lib\features\caja\domain\usecases\caja_usecases.dart:236:19 - prefer_const_constructors
   info - Use 'const' with the constructor to improve performance - lib\features\caja\domain\usecases\caja_usecases.dart:252:14 - prefer_const_constructors
   info - Use 'const' with the constructor to improve performance - lib\features\caja\domain\usecases\caja_usecases.dart:252:19 - prefer_const_constructors
   info - Use 'const' with the constructor to improve performance - lib\features\caja\domain\usecases\caja_usecases.dart:256:14 - prefer_const_constructors
   info - Use 'const' with the constructor to improve performance - lib\features\caja\domain\usecases\caja_usecases.dart:256:19 - prefer_const_constructors
   info - Use 'const' with the constructor to improve performance - lib\features\caja\domain\usecases\caja_usecases.dart:284:14 - prefer_const_constructors
   info - Use 'const' with the constructor to improve performance - lib\features\caja\domain\usecases\caja_usecases.dart:284:19 - prefer_const_constructors
warning - Unused import: '../../domain/entities/movimiento.dart' - lib\features\caja\presentation\screens\caja_detail_screen.dart:4:8 - unused_import
warning - Unused import: '../../../../config/theme/app_theme.dart' - lib\features\caja\presentation\screens\caja_detail_screen.dart:13:8 - unused_import
   info - 'withOpacity' is deprecated and shouldn't be used. Use .withValues() to avoid precision loss - lib\features\caja\presentation\screens\caja_detail_screen.dart:326:22 - deprecated_member_use
   info - 'withOpacity' is deprecated and shouldn't be used. Use .withValues() to avoid precision loss - lib\features\caja\presentation\screens\caja_detail_screen.dart:455:32 - deprecated_member_use
   info - 'withOpacity' is deprecated and shouldn't be used. Use .withValues() to avoid precision loss - lib\features\caja\presentation\screens\caja_detail_screen.dart:494:22 - deprecated_member_use
   info - Don't use 'BuildContext's across async gaps - lib\features\caja\presentation\screens\caja_form_screen.dart:73:21 - use_build_context_synchronously
   info - 'withOpacity' is deprecated and shouldn't be used. Use .withValues() to avoid precision loss - lib\features\caja\presentation\screens\caja_form_screen.dart:299:47 - deprecated_member_use
   info - 'value' is deprecated and shouldn't be used. Use initialValue instead. This will set the initial value for the form field. This feature was deprecated after v3.33.0-1.0.pre - lib\features\caja\presentation\screens\caja_form_screen.dart:347:15 - deprecated_member_use
warning - Unused import: 'package:go_router/go_router.dart' - lib\features\caja\presentation\screens\cajas_list_screen.dart:3:8 - unused_import
   info - 'withOpacity' is deprecated and shouldn't be used. Use .withValues() to avoid precision loss - lib\features\caja\presentation\screens\cajas_list_screen.dart:77:81 - deprecated_member_use
   info - Use 'const' with the constructor to improve performance - lib\features\caja\presentation\screens\cajas_list_screen.dart:147:31 - prefer_const_constructors
   info - 'withOpacity' is deprecated and shouldn't be used. Use .withValues() to avoid precision loss - lib\features\caja\presentation\screens\cajas_list_screen.dart:258:47 - deprecated_member_use
   info - 'withOpacity' is deprecated and shouldn't be used. Use .withValues() to avoid precision loss - lib\features\caja\presentation\screens\movimientos_generales_screen.dart:177:45 - deprecated_member_use
   info - 'withOpacity' is deprecated and shouldn't be used. Use .withValues() to avoid precision loss - lib\features\caja\presentation\screens\movimientos_generales_screen.dart:245:22 - deprecated_member_use
   info - 'withOpacity' is deprecated and shouldn't be used. Use .withValues() to avoid precision loss - lib\features\caja\presentation\screens\movimientos_generales_screen.dart:247:41 - deprecated_member_use
   info - 'withOpacity' is deprecated and shouldn't be used. Use .withValues() to avoid precision loss - lib\features\caja\presentation\screens\movimientos_generales_screen.dart:288:34 - deprecated_member_use
warning - Unused import: '../../domain/entities/caja.dart' - lib\features\caja\presentation\screens\registrar_egreso_screen.dart:4:8 - unused_import
   info - 'withOpacity' is deprecated and shouldn't be used. Use .withValues() to avoid precision loss - lib\features\caja\presentation\screens\registrar_egreso_screen.dart:133:37 - deprecated_member_use
   info - 'withOpacity' is deprecated and shouldn't be used. Use .withValues() to avoid precision loss - lib\features\caja\presentation\screens\registrar_egreso_screen.dart:170:49 - deprecated_member_use
   info - 'value' is deprecated and shouldn't be used. Use initialValue instead. This will set the initial value for the form field. This feature was deprecated after v3.33.0-1.0.pre - lib\features\caja\presentation\screens\registrar_egreso_screen.dart:222:19 - deprecated_member_use
   info - 'withOpacity' is deprecated and shouldn't be used. Use .withValues() to avoid precision loss - lib\features\caja\presentation\screens\registrar_egreso_screen.dart:286:57 - deprecated_member_use
warning - Unused import: '../../domain/entities/caja.dart' - lib\features\caja\presentation\screens\registrar_ingreso_screen.dart:4:8 - unused_import
   info - 'withOpacity' is deprecated and shouldn't be used. Use .withValues() to avoid precision loss - lib\features\caja\presentation\screens\registrar_ingreso_screen.dart:130:39 - deprecated_member_use
   info - 'value' is deprecated and shouldn't be used. Use initialValue instead. This will set the initial value for the form field. This feature was deprecated after v3.33.0-1.0.pre - lib\features\caja\presentation\screens\registrar_ingreso_screen.dart:185:19 - deprecated_member_use
   info - 'withOpacity' is deprecated and shouldn't be used. Use .withValues() to avoid precision loss - lib\features\caja\presentation\screens\registrar_ingreso_screen.dart:248:57 - deprecated_member_use
   info - 'value' is deprecated and shouldn't be used. Use initialValue instead. This will set the initial value for the form field. This feature was deprecated after v3.33.0-1.0.pre - lib\features\caja\presentation\screens\transferencia_screen.dart:316:7 - deprecated_member_use
   info - 'withOpacity' is deprecated and shouldn't be used. Use .withValues() to avoid precision loss - lib\features\caja\presentation\screens\transferencia_screen.dart:322:31 - deprecated_member_use
   info - 'value' is deprecated and shouldn't be used. Use initialValue instead. This will set the initial value for the form field. This feature was deprecated after v3.33.0-1.0.pre - lib\features\caja\presentation\screens\transferencia_screen.dart:376:7 - deprecated_member_use
   info - 'withOpacity' is deprecated and shouldn't be used. Use .withValues() to avoid precision loss - lib\features\caja\presentation\screens\transferencia_screen.dart:382:33 - deprecated_member_use
   info - 'withOpacity' is deprecated and shouldn't be used. Use .withValues() to avoid precision loss - lib\features\caja\presentation\screens\transferencia_screen.dart:433:45 - deprecated_member_use
   info - 'withOpacity' is deprecated and shouldn't be used. Use .withValues() to avoid precision loss - lib\features\caja\presentation\widgets\caja_card.dart:33:46 - deprecated_member_use
   info - 'withOpacity' is deprecated and shouldn't be used. Use .withValues() to avoid precision loss - lib\features\caja\presentation\widgets\caja_card.dart:87:42 - deprecated_member_use
   info - 'withOpacity' is deprecated and shouldn't be used. Use .withValues() to avoid precision loss - lib\features\caja\presentation\widgets\caja_card.dart:88:42 - deprecated_member_use
   info - 'withOpacity' is deprecated and shouldn't be used. Use .withValues() to avoid precision loss - lib\features\caja\presentation\widgets\caja_card.dart:91:40 - deprecated_member_use
   info - 'withOpacity' is deprecated and shouldn't be used. Use .withValues() to avoid precision loss - lib\features\caja\presentation\widgets\caja_card.dart:92:40 - deprecated_member_use
   info - 'withOpacity' is deprecated and shouldn't be used. Use .withValues() to avoid precision loss - lib\features\caja\presentation\widgets\caja_card.dart:98:40 - deprecated_member_use
   info - 'withOpacity' is deprecated and shouldn't be used. Use .withValues() to avoid precision loss - lib\features\caja\presentation\widgets\caja_card.dart:99:38 - deprecated_member_use
   info - 'withOpacity' is deprecated and shouldn't be used. Use .withValues() to avoid precision loss - lib\features\caja\presentation\widgets\caja_card.dart:218:22 - deprecated_member_use
   info - 'withOpacity' is deprecated and shouldn't be used. Use .withValues() to avoid precision loss - lib\features\caja\presentation\widgets\movimiento_card.dart:37:46 - deprecated_member_use
   info - 'withOpacity' is deprecated and shouldn't be used. Use .withValues() to avoid precision loss - lib\features\caja\presentation\widgets\movimiento_card.dart:202:40 - deprecated_member_use
   info - 'withOpacity' is deprecated and shouldn't be used. Use .withValues() to avoid precision loss - lib\features\caja\presentation\widgets\movimiento_card.dart:204:59 - deprecated_member_use
   info - 'withOpacity' is deprecated and shouldn't be used. Use .withValues() to avoid precision loss - lib\features\caja\presentation\widgets\movimiento_card.dart:231:42 - deprecated_member_use
   info - 'withOpacity' is deprecated and shouldn't be used. Use .withValues() to avoid precision loss - lib\features\caja\presentation\widgets\movimiento_card.dart:233:61 - deprecated_member_use
warning - The left operand can't be null, so the right operand is never executed - lib\features\clientes\data\models\cliente_model.dart:80:31 - dead_null_aware_expression
warning - The left operand can't be null, so the right operand is never executed - lib\features\clientes\data\models\cliente_model.dart:100:31 - dead_null_aware_expression
   info - Use 'const' with the constructor to improve performance - lib\features\clientes\domain\usecases\create_cliente.dart:52:14 - prefer_const_constructors
   info - Use 'const' with the constructor to improve performance - lib\features\clientes\domain\usecases\create_cliente.dart:56:14 - prefer_const_constructors
   info - Use 'const' with the constructor to improve performance - lib\features\clientes\domain\usecases\create_cliente.dart:61:14 - prefer_const_constructors
   info - Use 'const' with the constructor to improve performance - lib\features\clientes\domain\usecases\create_cliente.dart:65:14 - prefer_const_constructors
   info - Use 'const' with the constructor to improve performance - lib\features\clientes\domain\usecases\create_cliente.dart:72:16 - prefer_const_constructors
   info - Use 'const' with the constructor to improve performance - lib\features\clientes\domain\usecases\create_cliente.dart:80:16 - prefer_const_constructors
   info - Use 'const' with the constructor to improve performance - lib\features\clientes\domain\usecases\delete_cliente.dart:25:14 - prefer_const_constructors
   info - Use 'const' with the constructor to improve performance - lib\features\clientes\domain\usecases\delete_cliente.dart:25:19 - prefer_const_constructors
   info - Use 'const' with the constructor to improve performance - lib\features\clientes\domain\usecases\delete_cliente.dart:43:22 - prefer_const_constructors
   info - Use 'const' with the constructor to improve performance - lib\features\clientes\domain\usecases\delete_cliente.dart:43:27 - prefer_const_constructors
   info - Use 'const' with the constructor to improve performance - lib\features\clientes\domain\usecases\get_clientes.dart:42:14 - prefer_const_constructors
   info - Use 'const' with the constructor to improve performance - lib\features\clientes\domain\usecases\get_clientes.dart:42:19 - prefer_const_constructors
   info - Use 'const' with the constructor to improve performance - lib\features\clientes\domain\usecases\update_cliente.dart:26:14 - prefer_const_constructors
   info - Use 'const' with the constructor to improve performance - lib\features\clientes\domain\usecases\update_cliente.dart:26:19 - prefer_const_constructors
   info - Use 'const' with the constructor to improve performance - lib\features\clientes\domain\usecases\update_cliente.dart:72:14 - prefer_const_constructors
   info - Use 'const' with the constructor to improve performance - lib\features\clientes\domain\usecases\update_cliente.dart:76:14 - prefer_const_constructors
   info - Use 'const' with the constructor to improve performance - lib\features\clientes\domain\usecases\update_cliente.dart:81:14 - prefer_const_constructors
   info - Use 'const' with the constructor to improve performance - lib\features\clientes\domain\usecases\update_cliente.dart:85:14 - prefer_const_constructors
   info - Use 'const' with the constructor to improve performance - lib\features\clientes\domain\usecases\update_cliente.dart:92:16 - prefer_const_constructors
   info - Use 'const' with the constructor to improve performance - lib\features\clientes\domain\usecases\update_cliente.dart:100:16 - prefer_const_constructors
warning - Unused import: 'package:glass_kit/glass_kit.dart' - lib\features\clientes\presentation\screens\cliente_detail_screen.dart:4:8 - unused_import
   info - 'withOpacity' is deprecated and shouldn't be used. Use .withValues() to avoid precision loss - lib\features\clientes\presentation\screens\cliente_detail_screen.dart:54:57 - deprecated_member_use
   info - 'withOpacity' is deprecated and shouldn't be used. Use .withValues() to avoid precision loss - lib\features\clientes\presentation\screens\cliente_detail_screen.dart:68:53 - deprecated_member_use
   info - 'withOpacity' is deprecated and shouldn't be used. Use .withValues() to avoid precision loss - lib\features\clientes\presentation\screens\cliente_detail_screen.dart:70:72 - deprecated_member_use
   info - 'withOpacity' is deprecated and shouldn't be used. Use .withValues() to avoid precision loss - lib\features\clientes\presentation\screens\cliente_detail_screen.dart:73:57 - deprecated_member_use
   info - 'withOpacity' is deprecated and shouldn't be used. Use .withValues() to avoid precision loss - lib\features\clientes\presentation\screens\cliente_detail_screen.dart:105:50 - deprecated_member_use
   info - 'withOpacity' is deprecated and shouldn't be used. Use .withValues() to avoid precision loss - lib\features\clientes\presentation\screens\cliente_detail_screen.dart:106:48 - deprecated_member_use
   info - 'withOpacity' is deprecated and shouldn't be used. Use .withValues() to avoid precision loss - lib\features\clientes\presentation\screens\cliente_detail_screen.dart:109:87 - deprecated_member_use
   info - 'withOpacity' is deprecated and shouldn't be used. Use .withValues() to avoid precision loss - lib\features\clientes\presentation\screens\cliente_detail_screen.dart:237:38 - deprecated_member_use
   info - 'withOpacity' is deprecated and shouldn't be used. Use .withValues() to avoid precision loss - lib\features\clientes\presentation\screens\cliente_detail_screen.dart:239:57 - deprecated_member_use
   info - 'withOpacity' is deprecated and shouldn't be used. Use .withValues() to avoid precision loss - lib\features\clientes\presentation\screens\cliente_detail_screen.dart:277:44 - deprecated_member_use
   info - 'withOpacity' is deprecated and shouldn't be used. Use .withValues() to avoid precision loss - lib\features\clientes\presentation\screens\cliente_form_screen.dart:290:48 - deprecated_member_use
   info - 'activeColor' is deprecated and shouldn't be used. Use activeThumbColor instead. This feature was deprecated after v3.31.0-2.0.pre - lib\features\clientes\presentation\screens\cliente_form_screen.dart:304:29 - deprecated_member_use
   info - 'withOpacity' is deprecated and shouldn't be used. Use .withValues() to avoid precision loss - lib\features\clientes\presentation\screens\cliente_form_screen.dart:324:41 - deprecated_member_use
   info - 'withOpacity' is deprecated and shouldn't be used. Use .withValues() to avoid precision loss - lib\features\clientes\presentation\screens\cliente_form_screen.dart:390:57 - deprecated_member_use
   info - 'withOpacity' is deprecated and shouldn't be used. Use .withValues() to avoid precision loss - lib\features\clientes\presentation\screens\cliente_form_screen.dart:393:33 - deprecated_member_use
   info - 'withOpacity' is deprecated and shouldn't be used. Use .withValues() to avoid precision loss - lib\features\clientes\presentation\screens\clientes_list_screen.dart:80:47 - deprecated_member_use
warning - Unused import: 'package:glass_kit/glass_kit.dart' - lib\features\clientes\presentation\widgets\cliente_card.dart:3:8 - unused_import
   info - 'withOpacity' is deprecated and shouldn't be used. Use .withValues() to avoid precision loss - lib\features\clientes\presentation\widgets\cliente_card.dart:48:85 - deprecated_member_use
   info - 'withOpacity' is deprecated and shouldn't be used. Use .withValues() to avoid precision loss - lib\features\clientes\presentation\widgets\cliente_card.dart:97:52 - deprecated_member_use
   info - 'withOpacity' is deprecated and shouldn't be used. Use .withValues() to avoid precision loss - lib\features\clientes\presentation\widgets\cliente_card.dart:201:37 - deprecated_member_use
   info - 'withOpacity' is deprecated and shouldn't be used. Use .withValues() to avoid precision loss - lib\features\clientes\presentation\widgets\cliente_card.dart:203:56 - deprecated_member_use
   info - 'withOpacity' is deprecated and shouldn't be used. Use .withValues() to avoid precision loss - lib\features\clientes\presentation\widgets\cliente_card.dart:223:33 - deprecated_member_use
   info - 'withOpacity' is deprecated and shouldn't be used. Use .withValues() to avoid precision loss - lib\features\clientes\presentation\widgets\cliente_card.dart:249:43 - deprecated_member_use
warning - The value of the local variable 'isDark' isn't used - lib\features\clientes\presentation\widgets\cliente_card.dart:271:11 - unused_local_variable
   info - 'withOpacity' is deprecated and shouldn't be used. Use .withValues() to avoid precision loss - lib\features\clientes\presentation\widgets\cliente_card.dart:278:24 - deprecated_member_use
warning - Unused import: '../../../../core/theme/app_theme.dart' - lib\features\clientes\presentation\widgets\cliente_search_bar.dart:3:8 - unused_import
   info - 'withOpacity' is deprecated and shouldn't be used. Use .withValues() to avoid precision loss - lib\features\clientes\presentation\widgets\cliente_search_bar.dart:74:35 - deprecated_member_use
   info - 'withOpacity' is deprecated and shouldn't be used. Use .withValues() to avoid precision loss - lib\features\clientes\presentation\widgets\cliente_search_bar.dart:79:59 - deprecated_member_use
warning - The value of the local variable 'cuotas' isn't used - lib\features\dashboard\data\datasources\dashboard_local_data_source.dart:16:11 - unused_local_variable
   info - Use 'const' with the constructor to improve performance - lib\features\dashboard\data\repositories\dashboard_repository_impl.dart:71:14 - prefer_const_constructors
   info - Use 'const' with the constructor to improve performance - lib\features\dashboard\data\repositories\dashboard_repository_impl.dart:91:14 - prefer_const_constructors
   info - Use 'const' with the constructor to improve performance - lib\features\dashboard\domain\usecases\dashboard_usecases.dart:33:14 - prefer_const_constructors
   info - Use 'const' with the constructor to improve performance - lib\features\dashboard\domain\usecases\dashboard_usecases.dart:33:19 - prefer_const_constructors
   info - Use 'const' with the constructor to improve performance - lib\features\dashboard\domain\usecases\dashboard_usecases.dart:66:14 - prefer_const_constructors
   info - Use 'const' with the constructor to improve performance - lib\features\dashboard\domain\usecases\dashboard_usecases.dart:66:19 - prefer_const_constructors
warning - Unused import: '../../../prestamos/domain/entities/prestamo.dart' - lib\features\dashboard\presentation\providers\dashboard_provider.dart:7:8 - unused_import
warning - Unused import: 'package:glass_kit/glass_kit.dart' - lib\features\dashboard\presentation\screens\dashboard_screen.dart:6:8 - unused_import
   info - 'withOpacity' is deprecated and shouldn't be used. Use .withValues() to avoid precision loss - lib\features\dashboard\presentation\screens\dashboard_screen.dart:190:47 - deprecated_member_use
   info - 'withOpacity' is deprecated and shouldn't be used. Use .withValues() to avoid precision loss - lib\features\dashboard\presentation\screens\dashboard_screen.dart:190:79 - deprecated_member_use
   info - 'withOpacity' is deprecated and shouldn't be used. Use .withValues() to avoid precision loss - lib\features\dashboard\presentation\screens\dashboard_screen.dart:192:54 - deprecated_member_use
   info - Unnecessary use of string interpolation - lib\features\dashboard\presentation\screens\dashboard_screen.dart:216:67 - unnecessary_string_interpolations
   info - Unnecessary use of string interpolation - lib\features\dashboard\presentation\screens\dashboard_screen.dart:218:63 - unnecessary_string_interpolations
   info - 'withOpacity' is deprecated and shouldn't be used. Use .withValues() to avoid precision loss - lib\features\dashboard\presentation\screens\dashboard_screen.dart:245:41 - deprecated_member_use
   info - 'withOpacity' is deprecated and shouldn't be used. Use .withValues() to avoid precision loss - lib\features\dashboard\presentation\screens\dashboard_screen.dart:245:73 - deprecated_member_use
   info - 'withOpacity' is deprecated and shouldn't be used. Use .withValues() to avoid precision loss - lib\features\dashboard\presentation\screens\dashboard_screen.dart:249:26 - deprecated_member_use
   info - 'withOpacity' is deprecated and shouldn't be used. Use .withValues() to avoid precision loss - lib\features\dashboard\presentation\screens\dashboard_screen.dart:254:48 - deprecated_member_use
   info - 'withOpacity' is deprecated and shouldn't be used. Use .withValues() to avoid precision loss - lib\features\dashboard\presentation\screens\dashboard_screen.dart:263:28 - deprecated_member_use
   info - 'withOpacity' is deprecated and shouldn't be used. Use .withValues() to avoid precision loss - lib\features\dashboard\presentation\screens\dashboard_screen.dart:271:109 - deprecated_member_use
   info - 'withOpacity' is deprecated and shouldn't be used. Use .withValues() to avoid precision loss - lib\features\dashboard\presentation\screens\dashboard_screen.dart:283:41 - deprecated_member_use
   info - 'withOpacity' is deprecated and shouldn't be used. Use .withValues() to avoid precision loss - lib\features\dashboard\presentation\screens\dashboard_screen.dart:283:73 - deprecated_member_use
   info - 'withOpacity' is deprecated and shouldn't be used. Use .withValues() to avoid precision loss - lib\features\dashboard\presentation\screens\dashboard_screen.dart:285:48 - deprecated_member_use
   info - 'withOpacity' is deprecated and shouldn't be used. Use .withValues() to avoid precision loss - lib\features\dashboard\presentation\screens\dashboard_screen.dart:290:36 - deprecated_member_use
warning - Unused import: 'package:glass_kit/glass_kit.dart' - lib\features\dashboard\presentation\widgets\alertas_widget.dart:3:8 - unused_import
   info - 'withOpacity' is deprecated and shouldn't be used. Use .withValues() to avoid precision loss - lib\features\dashboard\presentation\widgets\alertas_widget.dart:32:50 - deprecated_member_use
   info - 'withOpacity' is deprecated and shouldn't be used. Use .withValues() to avoid precision loss - lib\features\dashboard\presentation\widgets\alertas_widget.dart:67:41 - deprecated_member_use
   info - 'withOpacity' is deprecated and shouldn't be used. Use .withValues() to avoid precision loss - lib\features\dashboard\presentation\widgets\alertas_widget.dart:86:44 - deprecated_member_use
   info - 'withOpacity' is deprecated and shouldn't be used. Use .withValues() to avoid precision loss - lib\features\dashboard\presentation\widgets\alertas_widget.dart:105:35 - deprecated_member_use
   info - 'withOpacity' is deprecated and shouldn't be used. Use .withValues() to avoid precision loss - lib\features\dashboard\presentation\widgets\alertas_widget.dart:107:54 - deprecated_member_use
   info - 'withOpacity' is deprecated and shouldn't be used. Use .withValues() to avoid precision loss - lib\features\dashboard\presentation\widgets\alertas_widget.dart:121:33 - deprecated_member_use
   info - 'withOpacity' is deprecated and shouldn't be used. Use .withValues() to avoid precision loss - lib\features\dashboard\presentation\widgets\alertas_widget.dart:147:30 - deprecated_member_use
   info - 'withOpacity' is deprecated and shouldn't be used. Use .withValues() to avoid precision loss - lib\features\dashboard\presentation\widgets\alertas_widget.dart:176:48 - deprecated_member_use
   info - 'withOpacity' is deprecated and shouldn't be used. Use .withValues() to avoid precision loss - lib\features\dashboard\presentation\widgets\alertas_widget.dart:178:67 - deprecated_member_use
   info - 'withOpacity' is deprecated and shouldn't be used. Use .withValues() to avoid precision loss - lib\features\dashboard\presentation\widgets\dashboard_floating_panel.dart:34:28 - deprecated_member_use
   info - 'withOpacity' is deprecated and shouldn't be used. Use .withValues() to avoid precision loss - lib\features\dashboard\presentation\widgets\dashboard_floating_panel.dart:35:28 - deprecated_member_use
   info - 'withOpacity' is deprecated and shouldn't be used. Use .withValues() to avoid precision loss - lib\features\dashboard\presentation\widgets\dashboard_floating_panel.dart:39:30 - deprecated_member_use
   info - 'withOpacity' is deprecated and shouldn't be used. Use .withValues() to avoid precision loss - lib\features\dashboard\presentation\widgets\dashboard_floating_panel.dart:40:29 - deprecated_member_use
   info - 'withOpacity' is deprecated and shouldn't be used. Use .withValues() to avoid precision loss - lib\features\dashboard\presentation\widgets\dashboard_floating_panel.dart:44:33 - deprecated_member_use
   info - 'withOpacity' is deprecated and shouldn't be used. Use .withValues() to avoid precision loss - lib\features\dashboard\presentation\widgets\dashboard_floating_panel.dart:153:21 - deprecated_member_use
   info - 'withOpacity' is deprecated and shouldn't be used. Use .withValues() to avoid precision loss - lib\features\dashboard\presentation\widgets\dashboard_floating_panel.dart:163:53 - deprecated_member_use
   info - 'withOpacity' is deprecated and shouldn't be used. Use .withValues() to avoid precision loss - lib\features\dashboard\presentation\widgets\dashboard_floating_panel.dart:290:30 - deprecated_member_use
   info - 'withOpacity' is deprecated and shouldn't be used. Use .withValues() to avoid precision loss - lib\features\dashboard\presentation\widgets\dashboard_floating_panel.dart:306:34 - deprecated_member_use
warning - Unused import: '../../../../core/theme/app_theme.dart' - lib\features\dashboard\presentation\widgets\kpi_card.dart:5:8 - unused_import
   info - 'withOpacity' is deprecated and shouldn't be used. Use .withValues() to avoid precision loss - lib\features\dashboard\presentation\widgets\kpi_card.dart:94:35 - deprecated_member_use
   info - 'withOpacity' is deprecated and shouldn't be used. Use .withValues() to avoid precision loss - lib\features\dashboard\presentation\widgets\kpi_card.dart:110:33 - deprecated_member_use
   info - 'withOpacity' is deprecated and shouldn't be used. Use .withValues() to avoid precision loss - lib\features\dashboard\presentation\widgets\kpi_card.dart:140:32 - deprecated_member_use
   info - 'withOpacity' is deprecated and shouldn't be used. Use .withValues() to avoid precision loss - lib\features\dashboard\presentation\widgets\kpi_card.dart:145:41 - deprecated_member_use
   info - 'withOpacity' is deprecated and shouldn't be used. Use .withValues() to avoid precision loss - lib\features\dashboard\presentation\widgets\kpi_card.dart:252:34 - deprecated_member_use
   info - 'withOpacity' is deprecated and shouldn't be used. Use .withValues() to avoid precision loss - lib\features\dashboard\presentation\widgets\kpi_card.dart:287:33 - deprecated_member_use
warning - Unused import: 'package:glass_kit/glass_kit.dart' - lib\features\dashboard\presentation\widgets\proximos_vencimientos_widget.dart:3:8 - unused_import
   info - 'withOpacity' is deprecated and shouldn't be used. Use .withValues() to avoid precision loss - lib\features\dashboard\presentation\widgets\proximos_vencimientos_widget.dart:33:52 - deprecated_member_use
   info - 'withOpacity' is deprecated and shouldn't be used. Use .withValues() to avoid precision loss - lib\features\dashboard\presentation\widgets\proximos_vencimientos_widget.dart:68:54 - deprecated_member_use
   info - 'withOpacity' is deprecated and shouldn't be used. Use .withValues() to avoid precision loss - lib\features\dashboard\presentation\widgets\proximos_vencimientos_widget.dart:89:44 - deprecated_member_use
   info - 'withOpacity' is deprecated and shouldn't be used. Use .withValues() to avoid precision loss - lib\features\dashboard\presentation\widgets\proximos_vencimientos_widget.dart:108:35 - deprecated_member_use
   info - 'withOpacity' is deprecated and shouldn't be used. Use .withValues() to avoid precision loss - lib\features\dashboard\presentation\widgets\proximos_vencimientos_widget.dart:110:54 - deprecated_member_use
   info - 'withOpacity' is deprecated and shouldn't be used. Use .withValues() to avoid precision loss - lib\features\dashboard\presentation\widgets\proximos_vencimientos_widget.dart:124:33 - deprecated_member_use
   info - 'withOpacity' is deprecated and shouldn't be used. Use .withValues() to avoid precision loss - lib\features\dashboard\presentation\widgets\proximos_vencimientos_widget.dart:154:24 - deprecated_member_use
   info - Unnecessary braces in a string interpolation - lib\features\dashboard\presentation\widgets\proximos_vencimientos_widget.dart:162:18 - unnecessary_brace_in_string_interps
   info - 'withOpacity' is deprecated and shouldn't be used. Use .withValues() to avoid precision loss - lib\features\dashboard\presentation\widgets\proximos_vencimientos_widget.dart:230:48 - deprecated_member_use
   info - 'MaterialStateProperty' is deprecated and shouldn't be used. Use WidgetStateProperty instead. Moved to the Widgets layer to make code available outside of Material. This feature was deprecated after v3.19.0-0.3.pre - lib\features\informes\presentation\screens\historial_cliente_screen.dart:341:32 - deprecated_member_use
   info - Unnecessary use of 'toList' in a spread - lib\features\informes\presentation\screens\historial_cliente_screen.dart:388:20 - unnecessary_to_list_in_spreads
   info - 'MaterialStateProperty' is deprecated and shouldn't be used. Use WidgetStateProperty instead. Moved to the Widgets layer to make code available outside of Material. This feature was deprecated after v3.19.0-0.3.pre - lib\features\informes\presentation\screens\historial_cliente_screen.dart:391:26 - deprecated_member_use
warning - The left operand can't be null, so the right operand is never executed - lib\features\informes\presentation\screens\resumen_prestamo_screen.dart:119:56 - dead_null_aware_expression
   info - 'MaterialStateProperty' is deprecated and shouldn't be used. Use WidgetStateProperty instead. Moved to the Widgets layer to make code available outside of Material. This feature was deprecated after v3.19.0-0.3.pre - lib\features\informes\presentation\screens\resumen_prestamo_screen.dart:348:28 - deprecated_member_use
   info - 'withOpacity' is deprecated and shouldn't be used. Use .withValues() to avoid precision loss - lib\features\informes\presentation\screens\resumen_prestamo_screen.dart:386:50 - deprecated_member_use
   info - 'MaterialStateProperty' is deprecated and shouldn't be used. Use WidgetStateProperty instead. Moved to the Widgets layer to make code available outside of Material. This feature was deprecated after v3.19.0-0.3.pre - lib\features\informes\presentation\screens\resumen_prestamo_screen.dart:404:28 - deprecated_member_use
   info - 'withOpacity' is deprecated and shouldn't be used. Use .withValues() to avoid precision loss - lib\features\informes\presentation\widgets\detalle_credito_widget.dart:50:32 - deprecated_member_use
   info - 'withOpacity' is deprecated and shouldn't be used. Use .withValues() to avoid precision loss - lib\features\informes\presentation\widgets\detalle_credito_widget.dart:68:44 - deprecated_member_use
  error - The returned type 'Cliente?' isn't returnable from a 'Cliente' function, as required by the closure's context - lib\features\informes\presentation\widgets\selector_prestamo_widget.dart:70:37 - return_of_invalid_type_from_closure
  error - There's no constant named 'enMora' in 'EstadoPrestamo' - lib\features\informes\presentation\widgets\selector_prestamo_widget.dart:104:68 - undefined_enum_constant
   info - 'withOpacity' is deprecated and shouldn't be used. Use .withValues() to avoid precision loss - lib\features\informes\presentation\widgets\selector_prestamo_widget.dart:116:48 - deprecated_member_use
   info - Use 'const' with the constructor to improve performance - lib\features\pagos\data\repositories\pago_repository.impl.dart:104:12 - prefer_const_constructors
   info - Use 'const' with the constructor to improve performance - lib\features\pagos\data\repositories\pago_repository.impl.dart:104:17 - prefer_const_constructors
   info - Use 'const' with the constructor to improve performance - lib\features\pagos\data\repositories\pago_repository_impl.dart:102:13 - prefer_const_constructors
   info - Use 'const' with the constructor to improve performance - lib\features\pagos\data\repositories\pago_repository_impl.dart:102:18 - prefer_const_constructors
   info - Use 'const' with the constructor to improve performance - lib\features\pagos\data\repositories\pago_repository_impl.dart:107:14 - prefer_const_constructors
   info - Use 'const' with the constructor to improve performance - lib\features\pagos\data\repositories\pago_repository_impl.dart:107:19 - prefer_const_constructors
   info - Use 'const' with the constructor to improve performance - lib\features\pagos\domain\usecases\pago_usecases.dart:43:14 - prefer_const_constructors
   info - Use 'const' with the constructor to improve performance - lib\features\pagos\domain\usecases\pago_usecases.dart:43:19 - prefer_const_constructors
   info - Use 'const' with the constructor to improve performance - lib\features\pagos\domain\usecases\pago_usecases.dart:47:14 - prefer_const_constructors
   info - Use 'const' with the constructor to improve performance - lib\features\pagos\domain\usecases\pago_usecases.dart:47:19 - prefer_const_constructors
   info - Use 'const' with the constructor to improve performance - lib\features\pagos\domain\usecases\pago_usecases.dart:51:14 - prefer_const_constructors
   info - Use 'const' with the constructor to improve performance - lib\features\pagos\domain\usecases\pago_usecases.dart:51:19 - prefer_const_constructors
   info - Use 'const' with the constructor to improve performance - lib\features\pagos\domain\usecases\pago_usecases.dart:86:14 - prefer_const_constructors
   info - Use 'const' with the constructor to improve performance - lib\features\pagos\domain\usecases\pago_usecases.dart:86:19 - prefer_const_constructors
   info - Use 'const' with the constructor to improve performance - lib\features\pagos\domain\usecases\pago_usecases.dart:100:14 - prefer_const_constructors
   info - Use 'const' with the constructor to improve performance - lib\features\pagos\domain\usecases\pago_usecases.dart:100:19 - prefer_const_constructors
   info - Use 'const' with the constructor to improve performance - lib\features\pagos\domain\usecases\pago_usecases.dart:114:14 - prefer_const_constructors
   info - Use 'const' with the constructor to improve performance - lib\features\pagos\domain\usecases\pago_usecases.dart:114:19 - prefer_const_constructors
warning - Unused import: '../../domain/entities/pago.dart' - lib\features\pagos\presentation\providers\pago_provider.dart:2:8 - unused_import
warning - Unused import: '../../domain/entities/pago.dart' - lib\features\pagos\presentation\screens\pagos_list_screen.dart:4:8 - unused_import
warning - Unused import: '../providers/pago_provider.dart' - lib\features\pagos\presentation\screens\pagos_list_screen.dart:5:8 - unused_import
warning - Unused import: '../../../../core/utils/formatters.dart' - lib\features\pagos\presentation\screens\pagos_list_screen.dart:6:8 - unused_import
   info - Use 'const' with the constructor to improve performance - lib\features\pagos\presentation\screens\registrar_pago_screen.dart:167:27 - prefer_const_constructors
   info - Use 'const' with the constructor to improve performance - lib\features\pagos\presentation\screens\registrar_pago_screen.dart:170:25 - prefer_const_constructors
   info - Use 'const' with the constructor to improve performance - lib\features\pagos\presentation\screens\registrar_pago_screen.dart:172:29 - prefer_const_constructors
   info - 'value' is deprecated and shouldn't be used. Use initialValue instead. This will set the initial value for the form field. This feature was deprecated after v3.33.0-1.0.pre - lib\features\pagos\presentation\screens\registrar_pago_screen.dart:202:15 - deprecated_member_use
   info - 'withOpacity' is deprecated and shouldn't be used. Use .withValues() to avoid precision loss - lib\features\pagos\presentation\widgets\historial_pagos_widget.dart:128:69 - deprecated_member_use
   info - Use 'const' with the constructor to improve performance - lib\features\prestamos\data\repositories\prestamo_repository_impl.dart:34:16 - prefer_const_constructors
   info - Use 'const' with the constructor to improve performance - lib\features\prestamos\data\repositories\prestamo_repository_impl.dart:34:21 - prefer_const_constructors
   info - Use 'const' with the constructor to improve performance - lib\features\prestamos\data\repositories\prestamo_repository_impl.dart:74:16 - prefer_const_constructors
   info - Use 'const' with the constructor to improve performance - lib\features\prestamos\data\repositories\prestamo_repository_impl.dart:74:21 - prefer_const_constructors
   info - Use 'const' with the constructor to improve performance - lib\features\prestamos\data\repositories\prestamo_repository_impl.dart:90:16 - prefer_const_constructors
   info - Use 'const' with the constructor to improve performance - lib\features\prestamos\data\repositories\prestamo_repository_impl.dart:90:21 - prefer_const_constructors
   info - Use 'const' with the constructor to improve performance - lib\features\prestamos\data\repositories\prestamo_repository_impl.dart:95:16 - prefer_const_constructors
   info - Use 'const' with the constructor to improve performance - lib\features\prestamos\data\repositories\prestamo_repository_impl.dart:95:21 - prefer_const_constructors
   info - Use 'const' with the constructor to improve performance - lib\features\prestamos\data\repositories\prestamo_repository_impl.dart:175:16 - prefer_const_constructors
   info - Use 'const' with the constructor to improve performance - lib\features\prestamos\data\repositories\prestamo_repository_impl.dart:175:21 - prefer_const_constructors
   info - Use 'const' with the constructor to improve performance - lib\features\prestamos\domain\usecases\cuota_usecases.dart:61:14 - prefer_const_constructors
   info - Use 'const' with the constructor to improve performance - lib\features\prestamos\domain\usecases\cuota_usecases.dart:61:19 - prefer_const_constructors
   info - Use 'const' with the constructor to improve performance - lib\features\prestamos\domain\usecases\generar_tabla_amortizacion.dart:19:16 - prefer_const_constructors
   info - Use 'const' with the constructor to improve performance - lib\features\prestamos\domain\usecases\generar_tabla_amortizacion.dart:19:21 - prefer_const_constructors
   info - Use 'const' with the constructor to improve performance - lib\features\prestamos\domain\usecases\generar_tabla_amortizacion.dart:22:16 - prefer_const_constructors
   info - Use 'const' with the constructor to improve performance - lib\features\prestamos\domain\usecases\generar_tabla_amortizacion.dart:22:21 - prefer_const_constructors
   info - Use 'const' with the constructor to improve performance - lib\features\prestamos\domain\usecases\generar_tabla_amortizacion.dart:25:16 - prefer_const_constructors
   info - Use 'const' with the constructor to improve performance - lib\features\prestamos\domain\usecases\generar_tabla_amortizacion.dart:25:21 - prefer_const_constructors
warning - Unused import: '../entities/cuota.dart' - lib\features\prestamos\domain\usecases\prestamo_usecases.dart:4:8 - unused_import
   info - Use 'const' with the constructor to improve performance - lib\features\prestamos\domain\usecases\prestamo_usecases.dart:124:14 - prefer_const_constructors
   info - Use 'const' with the constructor to improve performance - lib\features\prestamos\domain\usecases\prestamo_usecases.dart:128:14 - prefer_const_constructors
   info - Use 'const' with the constructor to improve performance - lib\features\prestamos\domain\usecases\prestamo_usecases.dart:132:14 - prefer_const_constructors
   info - Use 'const' with the constructor to improve performance - lib\features\prestamos\domain\usecases\prestamo_usecases.dart:136:14 - prefer_const_constructors
   info - Use 'const' with the constructor to improve performance - lib\features\prestamos\domain\usecases\prestamo_usecases.dart:140:14 - prefer_const_constructors
   info - Use 'const' with the constructor to improve performance - lib\features\prestamos\domain\usecases\prestamo_usecases.dart:158:14 - prefer_const_constructors
   info - Use 'const' with the constructor to improve performance - lib\features\prestamos\domain\usecases\prestamo_usecases.dart:158:19 - prefer_const_constructors
   info - Use 'const' with the constructor to improve performance - lib\features\prestamos\domain\usecases\prestamo_usecases.dart:189:18 - prefer_const_constructors
   info - Use 'const' with the constructor to improve performance - lib\features\prestamos\domain\usecases\prestamo_usecases.dart:189:23 - prefer_const_constructors
   info - Use 'const' with the constructor to improve performance - lib\features\prestamos\domain\usecases\prestamo_usecases.dart:216:18 - prefer_const_constructors
   info - Use 'const' with the constructor to improve performance - lib\features\prestamos\domain\usecases\prestamo_usecases.dart:216:23 - prefer_const_constructors
warning - Unused import: '../../domain/entities/cuota.dart' - lib\features\prestamos\presentation\screens\prestamo_detail_screen.dart:5:8 - unused_import
   info - 'withOpacity' is deprecated and shouldn't be used. Use .withValues() to avoid precision loss - lib\features\prestamos\presentation\screens\prestamo_detail_screen.dart:62:57 - deprecated_member_use
   info - 'withOpacity' is deprecated and shouldn't be used. Use .withValues() to avoid precision loss - lib\features\prestamos\presentation\screens\prestamo_detail_screen.dart:124:68 - deprecated_member_use
   info - 'withOpacity' is deprecated and shouldn't be used. Use .withValues() to avoid precision loss - lib\features\prestamos\presentation\screens\prestamo_detail_screen.dart:249:38 - deprecated_member_use
   info - 'withOpacity' is deprecated and shouldn't be used. Use .withValues() to avoid precision loss - lib\features\prestamos\presentation\screens\prestamo_detail_screen.dart:253:33 - deprecated_member_use
   info - 'withOpacity' is deprecated and shouldn't be used. Use .withValues() to avoid precision loss - lib\features\prestamos\presentation\screens\prestamo_detail_screen.dart:258:57 - deprecated_member_use
warning - The value of the local variable 'color' isn't used - lib\features\prestamos\presentation\screens\prestamo_detail_screen.dart:268:11 - unused_local_variable
   info - 'withOpacity' is deprecated and shouldn't be used. Use .withValues() to avoid precision loss - lib\features\prestamos\presentation\screens\prestamo_detail_screen.dart:279:29 - deprecated_member_use
   info - 'withOpacity' is deprecated and shouldn't be used. Use .withValues() to avoid precision loss - lib\features\prestamos\presentation\screens\prestamo_detail_screen.dart:281:48 - deprecated_member_use
warning - The operand can't be 'null', so the condition is always 'false' - lib\features\prestamos\presentation\screens\prestamo_detail_screen.dart:349:20 - unnecessary_null_comparison
warning - The value of the field '_isCalculating' isn't used - lib\features\prestamos\presentation\screens\prestamo_form_screen.dart:49:8 - unused_field
   info - Uses 'await' on an instance of 'Either<Failure, List<Cuota>>', which is not a subtype of 'Future' - lib\features\prestamos\presentation\screens\prestamo_form_screen.dart:110:30 - await_only_futures
   info - 'withOpacity' is deprecated and shouldn't be used. Use .withValues() to avoid precision loss - lib\features\prestamos\presentation\screens\prestamo_form_screen.dart:321:47 - deprecated_member_use
   info - 'withOpacity' is deprecated and shouldn't be used. Use .withValues() to avoid precision loss - lib\features\prestamos\presentation\screens\prestamo_form_screen.dart:372:42 - deprecated_member_use
   info - 'withOpacity' is deprecated and shouldn't be used. Use .withValues() to avoid precision loss - lib\features\prestamos\presentation\screens\prestamo_form_screen.dart:374:65 - deprecated_member_use
   info - 'withOpacity' is deprecated and shouldn't be used. Use .withValues() to avoid precision loss - lib\features\prestamos\presentation\screens\prestamo_form_screen.dart:375:61 - deprecated_member_use
   info - 'value' is deprecated and shouldn't be used. Use initialValue instead. This will set the initial value for the form field. This feature was deprecated after v3.33.0-1.0.pre - lib\features\prestamos\presentation\screens\prestamo_form_screen.dart:386:9 - deprecated_member_use
   info - 'value' is deprecated and shouldn't be used. Use initialValue instead. This will set the initial value for the form field. This feature was deprecated after v3.33.0-1.0.pre - lib\features\prestamos\presentation\screens\prestamo_form_screen.dart:400:9 - deprecated_member_use
   info - 'withOpacity' is deprecated and shouldn't be used. Use .withValues() to avoid precision loss - lib\features\prestamos\presentation\screens\prestamo_form_screen.dart:436:55 - deprecated_member_use
   info - 'withOpacity' is deprecated and shouldn't be used. Use .withValues() to avoid precision loss - lib\features\prestamos\presentation\screens\prestamo_form_screen.dart:438:88 - deprecated_member_use
   info - 'withOpacity' is deprecated and shouldn't be used. Use .withValues() to avoid precision loss - lib\features\prestamos\presentation\screens\prestamo_form_screen.dart:450:115 - deprecated_member_use
   info - 'withOpacity' is deprecated and shouldn't be used. Use .withValues() to avoid precision loss - lib\features\prestamos\presentation\screens\prestamo_form_screen.dart:464:62 - deprecated_member_use
   info - 'withOpacity' is deprecated and shouldn't be used. Use .withValues() to avoid precision loss - lib\features\prestamos\presentation\screens\prestamos_list_screen.dart:187:39 - deprecated_member_use
   info - 'withOpacity' is deprecated and shouldn't be used. Use .withValues() to avoid precision loss - lib\features\prestamos\presentation\screens\prestamos_list_screen.dart:188:28 - deprecated_member_use
   info - 'withOpacity' is deprecated and shouldn't be used. Use .withValues() to avoid precision loss - lib\features\prestamos\presentation\screens\prestamos_list_screen.dart:191:72 - deprecated_member_use
   info - The type name 'Prestamo_ModernSearchBar' isn't an UpperCamelCase identifier - lib\features\prestamos\presentation\screens\prestamos_list_screen.dart:258:7 - camel_case_types
   info - 'withOpacity' is deprecated and shouldn't be used. Use .withValues() to avoid precision loss - lib\features\prestamos\presentation\widgets\estado_badge.dart:65:29 - deprecated_member_use
   info - 'withOpacity' is deprecated and shouldn't be used. Use .withValues() to avoid precision loss - lib\features\prestamos\presentation\widgets\estado_badge.dart:91:29 - deprecated_member_use
warning - Unused import: '../../../../core/theme/app_theme.dart' - lib\features\prestamos\presentation\widgets\prestamo_card.dart:5:8 - unused_import
warning - The value of the local variable 'theme' isn't used - lib\features\prestamos\presentation\widgets\prestamo_card.dart:31:11 - unused_local_variable
   info - 'withOpacity' is deprecated and shouldn't be used. Use .withValues() to avoid precision loss - lib\features\prestamos\presentation\widgets\prestamo_card.dart:37:27 - deprecated_member_use
   info - 'withOpacity' is deprecated and shouldn't be used. Use .withValues() to avoid precision loss - lib\features\prestamos\presentation\widgets\prestamo_card.dart:38:33 - deprecated_member_use
warning - The value of the local variable 'theme' isn't used - lib\features\prestamos\presentation\widgets\prestamo_card.dart:57:11 - unused_local_variable
   info - 'withOpacity' is deprecated and shouldn't be used. Use .withValues() to avoid precision loss - lib\features\prestamos\presentation\widgets\prestamo_card.dart:66:26 - deprecated_member_use
   info - 'withOpacity' is deprecated and shouldn't be used. Use .withValues() to avoid precision loss - lib\features\prestamos\presentation\widgets\prestamo_card.dart:177:50 - deprecated_member_use
   info - 'withOpacity' is deprecated and shouldn't be used. Use .withValues() to avoid precision loss - lib\features\prestamos\presentation\widgets\prestamo_card.dart:187:38 - deprecated_member_use
   info - 'withOpacity' is deprecated and shouldn't be used. Use .withValues() to avoid precision loss - lib\features\prestamos\presentation\widgets\prestamo_card.dart:192:38 - deprecated_member_use
   info - 'withOpacity' is deprecated and shouldn't be used. Use .withValues() to avoid precision loss - lib\features\prestamos\presentation\widgets\prestamo_card.dart:246:22 - deprecated_member_use
   info - 'withOpacity' is deprecated and shouldn't be used. Use .withValues() to avoid precision loss - lib\features\prestamos\presentation\widgets\prestamo_card.dart:248:41 - deprecated_member_use
warning - Unused import: 'package:intl/intl.dart' - lib\features\prestamos\presentation\widgets\prestamo_pagos_widget.dart:3:8 - unused_import
warning - The value of the local variable 'isLast' isn't used - lib\features\prestamos\presentation\widgets\prestamo_pagos_widget.dart:46:23 - unused_local_variable
   info - 'withOpacity' is deprecated and shouldn't be used. Use .withValues() to avoid precision loss - lib\features\prestamos\presentation\widgets\prestamo_pagos_widget.dart:51:50 - deprecated_member_use
   info - 'withOpacity' is deprecated and shouldn't be used. Use .withValues() to avoid precision loss - lib\features\prestamos\presentation\widgets\prestamo_pagos_widget.dart:64:54 - deprecated_member_use
   info - 'withOpacity' is deprecated and shouldn't be used. Use .withValues() to avoid precision loss - lib\features\prestamos\presentation\widgets\resumen_prestamo_widget.dart:198:32 - deprecated_member_use
   info - 'withOpacity' is deprecated and shouldn't be used. Use .withValues() to avoid precision loss - lib\features\prestamos\presentation\widgets\resumen_prestamo_widget.dart:307:22 - deprecated_member_use
   info - 'MaterialStateProperty' is deprecated and shouldn't be used. Use WidgetStateProperty instead. Moved to the Widgets layer to make code available outside of Material. This feature was deprecated after v3.19.0-0.3.pre - lib\features\prestamos\presentation\widgets\tabla_amortizacion_widget.dart:114:26 - deprecated_member_use
   info - 'withOpacity' is deprecated and shouldn't be used. Use .withValues() to avoid precision loss - lib\features\prestamos\presentation\widgets\tabla_amortizacion_widget.dart:115:42 - deprecated_member_use
   info - 'MaterialStateProperty' is deprecated and shouldn't be used. Use WidgetStateProperty instead. Moved to the Widgets layer to make code available outside of Material. This feature was deprecated after v3.19.0-0.3.pre - lib\features\prestamos\presentation\widgets\tabla_amortizacion_widget.dart:133:20 - deprecated_member_use
   info - 'withOpacity' is deprecated and shouldn't be used. Use .withValues() to avoid precision loss - lib\features\prestamos\presentation\widgets\tabla_amortizacion_widget.dart:135:34 - deprecated_member_use
   info - 'withOpacity' is deprecated and shouldn't be used. Use .withValues() to avoid precision loss - lib\features\prestamos\presentation\widgets\tabla_amortizacion_widget.dart:137:36 - deprecated_member_use
   info - 'withOpacity' is deprecated and shouldn't be used. Use .withValues() to avoid precision loss - lib\features\prestamos\presentation\widgets\tabla_amortizacion_widget.dart:232:47 - deprecated_member_use
   info - 'withOpacity' is deprecated and shouldn't be used. Use .withValues() to avoid precision loss - lib\features\prestamos\presentation\widgets\tabla_amortizacion_widget.dart:235:49 - deprecated_member_use
   info - 'withOpacity' is deprecated and shouldn't be used. Use .withValues() to avoid precision loss - lib\features\prestamos\presentation\widgets\tabla_amortizacion_widget.dart:314:22 - deprecated_member_use
warning - Unused import: '../../../clientes/domain/entities/cliente.dart' - lib\features\reportes\data\datasources\reportes_local_data_source.dart:7:8 - unused_import
warning - The value of the local variable 'rango' isn't used - lib\features\reportes\data\datasources\reportes_local_data_source.dart:181:11 - unused_local_variable
warning - The value of the field '_currencyFormat' isn't used - lib\features\reportes\data\services\excel_service.dart:10:9 - unused_field
warning - The value of the local variable 'rowIndex' isn't used - lib\features\reportes\data\services\excel_service.dart:39:9 - unused_local_variable
   info - Use 'const' with the constructor to improve performance - lib\features\reportes\data\services\excel_service.dart:405:7 - prefer_const_constructors
   info - Use 'const' with the constructor to improve performance - lib\features\reportes\data\services\excel_service.dart:406:7 - prefer_const_constructors
   info - Use 'const' with the constructor to improve performance - lib\features\reportes\data\services\excel_service.dart:408:7 - prefer_const_constructors
   info - Use 'const' literals as arguments to constructors of '@immutable' classes - lib\features\reportes\data\services\importacion_service.dart:33:20 - prefer_const_literals_to_create_immutables
warning - The value of the local variable 'tipoDoc' isn't used - lib\features\reportes\data\services\importacion_service.dart:57:17 - unused_local_variable
   info - Use 'const' literals as arguments to constructors of '@immutable' classes - lib\features\reportes\data\services\importacion_service.dart:218:20 - prefer_const_literals_to_create_immutables
   info - Use interpolation to compose strings and values - lib\features\reportes\data\services\pdf_service.dart:271:21 - prefer_interpolation_to_compose_strings
   info - Unnecessary use of 'toList' in a spread - lib\features\reportes\data\services\pdf_service.dart:356:20 - unnecessary_to_list_in_spreads
   info - Use 'const' with the constructor to improve performance - lib\features\reportes\data\services\pdf_service.dart:378:19 - prefer_const_constructors
   info - Use 'const' with the constructor to improve performance - lib\features\reportes\data\services\pdf_service.dart:386:20 - prefer_const_constructors
warning - This case is covered by the previous cases - lib\features\reportes\domain\entities\reportes_entities.dart:285:7 - unreachable_switch_case
   info - Use 'const' with the constructor to improve performance - lib\features\reportes\domain\usecases\reportes_usecases.dart:23:16 - prefer_const_constructors
   info - Use 'const' with the constructor to improve performance - lib\features\reportes\domain\usecases\reportes_usecases.dart:24:11 - prefer_const_constructors
   info - Use 'const' with the constructor to improve performance - lib\features\reportes\domain\usecases\reportes_usecases.dart:31:16 - prefer_const_constructors
   info - Use 'const' with the constructor to improve performance - lib\features\reportes\domain\usecases\reportes_usecases.dart:32:11 - prefer_const_constructors
   info - Use 'const' with the constructor to improve performance - lib\features\reportes\domain\usecases\reportes_usecases.dart:42:14 - prefer_const_constructors
   info - Use 'const' with the constructor to improve performance - lib\features\reportes\domain\usecases\reportes_usecases.dart:43:9 - prefer_const_constructors
   info - Use 'const' with the constructor to improve performance - lib\features\reportes\domain\usecases\reportes_usecases.dart:51:14 - prefer_const_constructors
   info - Use 'const' with the constructor to improve performance - lib\features\reportes\domain\usecases\reportes_usecases.dart:52:9 - prefer_const_constructors
   info - Use 'const' with the constructor to improve performance - lib\features\reportes\domain\usecases\reportes_usecases.dart:115:14 - prefer_const_constructors
   info - Use 'const' with the constructor to improve performance - lib\features\reportes\domain\usecases\reportes_usecases.dart:116:9 - prefer_const_constructors
   info - Use 'const' with the constructor to improve performance - lib\features\reportes\domain\usecases\reportes_usecases.dart:123:14 - prefer_const_constructors
   info - Use 'const' with the constructor to improve performance - lib\features\reportes\domain\usecases\reportes_usecases.dart:124:9 - prefer_const_constructors
   info - Use 'const' with the constructor to improve performance - lib\features\reportes\domain\usecases\reportes_usecases.dart:149:14 - prefer_const_constructors
   info - Use 'const' with the constructor to improve performance - lib\features\reportes\domain\usecases\reportes_usecases.dart:150:9 - prefer_const_constructors
   info - Use 'const' with the constructor to improve performance - lib\features\reportes\domain\usecases\reportes_usecases.dart:157:14 - prefer_const_constructors
   info - Use 'const' with the constructor to improve performance - lib\features\reportes\domain\usecases\reportes_usecases.dart:158:9 - prefer_const_constructors
  error - Target of URI doesn't exist: '../../../database/database_provider.dart' - lib\features\reportes\presentation\screens\reportes_screen.dart:2:8 - uri_does_not_exist
  error - Undefined name 'databaseProvider' - lib\features\reportes\presentation\screens\reportes_screen.dart:30:30 - undefined_identifier
  error - The named parameter 'importacionService' is required, but there's no corresponding argument - lib\features\reportes\presentation\screens\reportes_screen.dart:34:10 - missing_required_argument
   info - 'withOpacity' is deprecated and shouldn't be used. Use .withValues() to avoid precision loss - lib\features\reportes\presentation\widgets\exportar_widget.dart:133:36 - deprecated_member_use
   info - 'withOpacity' is deprecated and shouldn't be used. Use .withValues() to avoid precision loss - lib\features\reportes\presentation\widgets\gestion_datos_widget.dart:272:32 - deprecated_member_use
   info - 'withOpacity' is deprecated and shouldn't be used. Use .withValues() to avoid precision loss - lib\features\reportes\presentation\widgets\reporte_card.dart:33:23 - deprecated_member_use
   info - 'withOpacity' is deprecated and shouldn't be used. Use .withValues() to avoid precision loss - lib\features\reportes\presentation\widgets\reporte_card.dart:34:23 - deprecated_member_use
   info - 'withOpacity' is deprecated and shouldn't be used. Use .withValues() to avoid precision loss - lib\features\reportes\presentation\widgets\reporte_card.dart:50:43 - deprecated_member_use
   info - 'withOpacity' is deprecated and shouldn't be used. Use .withValues() to avoid precision loss - lib\features\reportes\presentation\widgets\reporte_card.dart:57:36 - deprecated_member_use
   info - 'withOpacity' is deprecated and shouldn't be used. Use .withValues() to avoid precision loss - lib\features\reportes\presentation\widgets\reporte_card.dart:90:54 - deprecated_member_use
   info - 'value' is deprecated and shouldn't be used. Use initialValue instead. This will set the initial value for the form field. This feature was deprecated after v3.33.0-1.0.pre - lib\features\reportes\presentation\widgets\reportes_tab.dart:45:27 - deprecated_member_use
   info - 'value' is deprecated and shouldn't be used. Use initialValue instead. This will set the initial value for the form field. This feature was deprecated after v3.33.0-1.0.pre - lib\features\reportes\presentation\widgets\reportes_tab.dart:70:27 - deprecated_member_use
   info - Use 'const' with the constructor to improve performance - lib\presentation\widgets\app_drawer.dart:22:25 - prefer_const_constructors
   info - 'withOpacity' is deprecated and shouldn't be used. Use .withValues() to avoid precision loss - lib\presentation\widgets\app_drawer.dart:36:45 - deprecated_member_use
   info - 'withOpacity' is deprecated and shouldn't be used. Use .withValues() to avoid precision loss - lib\presentation\widgets\app_drawer.dart:60:45 - deprecated_member_use
   info - 'withOpacity' is deprecated and shouldn't be used. Use .withValues() to avoid precision loss - lib\presentation\widgets\app_drawer.dart:164:29 - deprecated_member_use
   info - 'activeColor' is deprecated and shouldn't be used. Use activeThumbColor instead. This feature was deprecated after v3.31.0-2.0.pre - lib\presentation\widgets\app_drawer.dart:191:13 - deprecated_member_use
   info - 'withOpacity' is deprecated and shouldn't be used. Use .withValues() to avoid precision loss - lib\presentation\widgets\app_drawer.dart:192:44 - deprecated_member_use
   info - 'withOpacity' is deprecated and shouldn't be used. Use .withValues() to avoid precision loss - lib\presentation\widgets\app_drawer.dart:193:46 - deprecated_member_use
   info - 'withOpacity' is deprecated and shouldn't be used. Use .withValues() to avoid precision loss - lib\presentation\widgets\app_drawer.dart:194:46 - deprecated_member_use
   info - 'withOpacity' is deprecated and shouldn't be used. Use .withValues() to avoid precision loss - lib\presentation\widgets\app_drawer.dart:224:45 - deprecated_member_use
   info - 'withOpacity' is deprecated and shouldn't be used. Use .withValues() to avoid precision loss - lib\presentation\widgets\app_drawer.dart:239:61 - deprecated_member_use
   info - Don't use 'BuildContext's across async gaps - lib\presentation\widgets\app_drawer.dart:246:11 - use_build_context_synchronously
   info - 'withOpacity' is deprecated and shouldn't be used. Use .withValues() to avoid precision loss - lib\presentation\widgets\custom_button.dart:150:48 - deprecated_member_use
   info - 'withOpacity' is deprecated and shouldn't be used. Use .withValues() to avoid precision loss - lib\presentation\widgets\custom_button.dart:242:59 - deprecated_member_use
   info - The import of 'dart:ui' is unnecessary because all of the used elements are also provided by the import of 'package:flutter/material.dart' - lib\presentation\widgets\custom_text_field.dart:1:8 - unnecessary_import
   info - 'withOpacity' is deprecated and shouldn't be used. Use .withValues() to avoid precision loss - lib\presentation\widgets\custom_text_field.dart:102:35 - deprecated_member_use
   info - 'withOpacity' is deprecated and shouldn't be used. Use .withValues() to avoid precision loss - lib\presentation\widgets\custom_text_field.dart:109:46 - deprecated_member_use
   info - 'withOpacity' is deprecated and shouldn't be used. Use .withValues() to avoid precision loss - lib\presentation\widgets\custom_text_field.dart:115:46 - deprecated_member_use
   info - 'withOpacity' is deprecated and shouldn't be used. Use .withValues() to avoid precision loss - lib\presentation\widgets\custom_text_field.dart:132:46 - deprecated_member_use
   info - 'withOpacity' is deprecated and shouldn't be used. Use .withValues() to avoid precision loss - lib\presentation\widgets\custom_text_field.dart:346:42 - deprecated_member_use
   info - 'withOpacity' is deprecated and shouldn't be used. Use .withValues() to avoid precision loss - lib\presentation\widgets\custom_text_field.dart:352:42 - deprecated_member_use
   info - 'withOpacity' is deprecated and shouldn't be used. Use .withValues() to avoid precision loss - lib\presentation\widgets\state_widgets.dart:147:57 - deprecated_member_use
   info - 'withOpacity' is deprecated and shouldn't be used. Use .withValues() to avoid precision loss - lib\presentation\widgets\state_widgets.dart:162:61 - deprecated_member_use
   info - 'withOpacity' is deprecated and shouldn't be used. Use .withValues() to avoid precision loss - lib\presentation\widgets\state_widgets.dart:206:70 - deprecated_member_use
   info - 'withOpacity' is deprecated and shouldn't be used. Use .withValues() to avoid precision loss - lib\presentation\widgets\state_widgets.dart:209:44 - deprecated_member_use
   info - 'withOpacity' is deprecated and shouldn't be used. Use .withValues() to avoid precision loss - lib\presentation\widgets\state_widgets.dart:409:57 - deprecated_member_use
   info - 'withOpacity' is deprecated and shouldn't be used. Use .withValues() to avoid precision loss - lib\presentation\widgets\state_widgets.dart:424:61 - deprecated_member_use
   info - The imported package 'prestamos_app' isn't a dependency of the importing package - test\widget_test.dart:11:8 - depend_on_referenced_packages
  error - Target of URI doesn't exist: 'package:prestamos_app/main.dart' - test\widget_test.dart:11:8 - uri_does_not_exist
  error - The name 'MyApp' isn't a class - test\widget_test.dart:16:35 - creation_with_non_type

